Component: ARM Compiler 5.06 update 7 (build 960) Tool: armlink [4d3601]

==============================================================================

Section Cross References

    startup_stm32f407xx.o(STACK) refers (Special) to heapauxi.o(.text) for __use_two_region_memory
    startup_stm32f407xx.o(HEAP) refers (Special) to heapauxi.o(.text) for __use_two_region_memory
    startup_stm32f407xx.o(RESET) refers (Special) to heapauxi.o(.text) for __use_two_region_memory
    startup_stm32f407xx.o(RESET) refers to startup_stm32f407xx.o(STACK) for __initial_sp
    startup_stm32f407xx.o(RESET) refers to startup_stm32f407xx.o(.text) for Reset_Handler
    startup_stm32f407xx.o(RESET) refers to stm32f4xx_it.o(i.NMI_Handler) for NMI_Handler
    startup_stm32f407xx.o(RESET) refers to stm32f4xx_it.o(i.HardFault_Handler) for HardFault_Handler
    startup_stm32f407xx.o(RESET) refers to stm32f4xx_it.o(i.MemManage_Handler) for MemManage_Handler
    startup_stm32f407xx.o(RESET) refers to stm32f4xx_it.o(i.BusFault_Handler) for BusFault_Handler
    startup_stm32f407xx.o(RESET) refers to stm32f4xx_it.o(i.UsageFault_Handler) for UsageFault_Handler
    startup_stm32f407xx.o(RESET) refers to stm32f4xx_it.o(i.SVC_Handler) for SVC_Handler
    startup_stm32f407xx.o(RESET) refers to stm32f4xx_it.o(i.DebugMon_Handler) for DebugMon_Handler
    startup_stm32f407xx.o(RESET) refers to stm32f4xx_it.o(i.PendSV_Handler) for PendSV_Handler
    startup_stm32f407xx.o(RESET) refers to stm32f4xx_it.o(i.SysTick_Handler) for SysTick_Handler
    startup_stm32f407xx.o(RESET) refers to stm32f4xx_it.o(i.TIM5_IRQHandler) for TIM5_IRQHandler
    startup_stm32f407xx.o(.text) refers (Special) to heapauxi.o(.text) for __use_two_region_memory
    startup_stm32f407xx.o(.text) refers to system_stm32f4xx.o(i.SystemInit) for SystemInit
    startup_stm32f407xx.o(.text) refers to __main.o(!!!main) for __main
    startup_stm32f407xx.o(.text) refers to startup_stm32f407xx.o(HEAP) for Heap_Mem
    startup_stm32f407xx.o(.text) refers to startup_stm32f407xx.o(STACK) for Stack_Mem
    main.o(i.HAL_SYSTICK_Callback) refers to main.o(.data) for .data
    main.o(i.SystemClock_Config) refers to rt_memclr_w.o(.text) for __aeabi_memclr4
    main.o(i.SystemClock_Config) refers to stm32f4xx_hal_rcc.o(i.HAL_RCC_OscConfig) for HAL_RCC_OscConfig
    main.o(i.SystemClock_Config) refers to stm32f4xx_hal_rcc.o(i.HAL_RCC_ClockConfig) for HAL_RCC_ClockConfig
    main.o(i.main) refers to _printf_percent.o(.ARM.Collect$$_printf_percent$$00000000) for _printf_percent
    main.o(i.main) refers to _printf_f.o(.ARM.Collect$$_printf_percent$$00000003) for _printf_f
    main.o(i.main) refers to printf1.o(x$fpl$printf1) for _printf_fp_dec
    main.o(i.main) refers to stm32f4xx_hal.o(i.HAL_Init) for HAL_Init
    main.o(i.main) refers to bsp_hall.o(i.HALLSensor_TIMx_Init) for HALLSensor_TIMx_Init
    main.o(i.main) refers to main.o(i.SystemClock_Config) for SystemClock_Config
    main.o(i.main) refers to gpio.o(i.MX_GPIO_Init) for MX_GPIO_Init
    main.o(i.main) refers to tim.o(i.MX_TIM5_Init) for MX_TIM5_Init
    main.o(i.main) refers to usart.o(i.MX_USART1_UART_Init) for MX_USART1_UART_Init
    main.o(i.main) refers to noretval__2printf.o(.text) for __2printf
    main.o(i.main) refers to f2d.o(x$fpl$f2d) for __aeabi_f2d
    main.o(i.main) refers to fabs.o(i.fabs) for fabs
    main.o(i.main) refers to bsp_bldc.o(.data) for Motor_Dir
    main.o(i.main) refers to main.o(.conststring) for .conststring
    main.o(i.main) refers to main.o(.data) for .data
    main.o(i.main) refers to bsp_hall.o(.data) for RT_hallcomp
    tim.o(i.HAL_TIMEx_HallSensor_MspDeInit) refers to stm32f4xx_hal_gpio.o(i.HAL_GPIO_DeInit) for HAL_GPIO_DeInit
    tim.o(i.HAL_TIMEx_HallSensor_MspDeInit) refers to stm32f4xx_hal_cortex.o(i.HAL_NVIC_DisableIRQ) for HAL_NVIC_DisableIRQ
    tim.o(i.HAL_TIMEx_HallSensor_MspInit) refers to rt_memclr_w.o(.text) for __aeabi_memclr4
    tim.o(i.HAL_TIMEx_HallSensor_MspInit) refers to stm32f4xx_hal_gpio.o(i.HAL_GPIO_Init) for HAL_GPIO_Init
    tim.o(i.HAL_TIMEx_HallSensor_MspInit) refers to stm32f4xx_hal_cortex.o(i.HAL_NVIC_SetPriority) for HAL_NVIC_SetPriority
    tim.o(i.HAL_TIMEx_HallSensor_MspInit) refers to stm32f4xx_hal_cortex.o(i.HAL_NVIC_EnableIRQ) for HAL_NVIC_EnableIRQ
    tim.o(i.MX_TIM5_Init) refers to stm32f4xx_hal_tim_ex.o(i.HAL_TIMEx_HallSensor_Init) for HAL_TIMEx_HallSensor_Init
    tim.o(i.MX_TIM5_Init) refers to main.o(i.Error_Handler) for Error_Handler
    tim.o(i.MX_TIM5_Init) refers to stm32f4xx_hal_tim_ex.o(i.HAL_TIMEx_MasterConfigSynchronization) for HAL_TIMEx_MasterConfigSynchronization
    tim.o(i.MX_TIM5_Init) refers to tim.o(.bss) for .bss
    usart.o(i.HAL_UART_MspDeInit) refers to stm32f4xx_hal_gpio.o(i.HAL_GPIO_DeInit) for HAL_GPIO_DeInit
    usart.o(i.HAL_UART_MspInit) refers to rt_memclr_w.o(.text) for __aeabi_memclr4
    usart.o(i.HAL_UART_MspInit) refers to stm32f4xx_hal_gpio.o(i.HAL_GPIO_Init) for HAL_GPIO_Init
[...]
    .ARM.Collect$$libinit$$00000030          0x08000228   Section        0  libinit2.o(.ARM.Collect$$libinit$$00000030)
    .ARM.Collect$$libinit$$00000032          0x08000228   Section        0  libinit2.o(.ARM.Collect$$libinit$$00000032)
    .ARM.Collect$$libinit$$00000033          0x08000228   Section        2  libinit2.o(.ARM.Collect$$libinit$$00000033)
    .ARM.Collect$$libshutdown$$00000000      0x0800022a   Section        2  libshutdown.o(.ARM.Collect$$libshutdown$$00000000)
    .ARM.Collect$$libshutdown$$00000002      0x0800022c   Section        0  libshutdown2.o(.ARM.Collect$$libshutdown$$00000002)
    .ARM.Collect$$libshutdown$$00000004      0x0800022c   Section        0  libshutdown2.o(.ARM.Collect$$libshutdown$$00000004)
    .ARM.Collect$$libshutdown$$00000005      0x0800022c   Section        4  libshutdown2.o(.ARM.Collect$$libshutdown$$00000005)
    .ARM.Collect$$libshutdown$$00000006      0x08000230   Section        0  libshutdown2.o(.ARM.Collect$$libshutdown$$00000006)
    .ARM.Collect$$libshutdown$$00000009      0x08000230   Section        0  libshutdown2.o(.ARM.Collect$$libshutdown$$00000009)
    .ARM.Collect$$libshutdown$$0000000C      0x08000230   Section        0  libshutdown2.o(.ARM.Collect$$libshutdown$$0000000C)
    .ARM.Collect$$libshutdown$$0000000E      0x08000230   Section        0  libshutdown2.o(.ARM.Collect$$libshutdown$$0000000E)
    .ARM.Collect$$libshutdown$$00000011      0x08000230   Section        0  libshutdown2.o(.ARM.Collect$$libshutdown$$00000011)
    .ARM.Collect$$libshutdown$$00000012      0x08000230   Section        2  libshutdown2.o(.ARM.Collect$$libshutdown$$00000012)
    .ARM.Collect$$rtentry$$00000000          0x08000232   Section        0  __rtentry.o(.ARM.Collect$$rtentry$$00000000)
    .ARM.Collect$$rtentry$$00000002          0x08000232   Section        0  __rtentry2.o(.ARM.Collect$$rtentry$$00000002)
    .ARM.Collect$$rtentry$$00000004          0x08000232   Section        6  __rtentry4.o(.ARM.Collect$$rtentry$$00000004)
    .ARM.Collect$$rtentry$$00000009          0x08000238   Section        0  __rtentry2.o(.ARM.Collect$$rtentry$$00000009)
    .ARM.Collect$$rtentry$$0000000A          0x08000238   Section        4  __rtentry2.o(.ARM.Collect$$rtentry$$0000000A)
    .ARM.Collect$$rtentry$$0000000C          0x0800023c   Section        0  __rtentry2.o(.ARM.Collect$$rtentry$$0000000C)
    .ARM.Collect$$rtentry$$0000000D          0x0800023c   Section        8  __rtentry2.o(.ARM.Collect$$rtentry$$0000000D)
    .ARM.Collect$$rtexit$$00000000           0x08000244   Section        2  rtexit.o(.ARM.Collect$$rtexit$$00000000)
    .ARM.Collect$$rtexit$$00000002           0x08000246   Section        0  rtexit2.o(.ARM.Collect$$rtexit$$00000002)
    .ARM.Collect$$rtexit$$00000003           0x08000246   Section        4  rtexit2.o(.ARM.Collect$$rtexit$$00000003)
    .ARM.Collect$$rtexit$$00000004           0x0800024a   Section        6  rtexit2.o(.ARM.Collect$$rtexit$$00000004)
    .emb_text                                0x08000250   Section        0  maybetermalloc1.o(.emb_text)
    .text                                    0x08000250   Section       64  startup_stm32f407xx.o(.text)
    $v0                                      0x08000250   Number         0  startup_stm32f407xx.o(.text)
    .text                                    0x08000290   Section      238  lludivv7m.o(.text)
    .text                                    0x08000380   Section        0  noretval__2printf.o(.text)
    .text                                    0x08000398   Section        0  __printf_wp.o(.text)
    .text                                    0x080004a6   Section       78  rt_memclr_w.o(.text)
    .text                                    0x080004f4   Section        0  heapauxi.o(.text)
    .text                                    0x080004fa   Section        0  _printf_fp_dec.o(.text)
    _fp_digits                               0x080004fd   Thumb Code   432  _printf_fp_dec.o(.text)
    .text                                    0x08000918   Section        0  _printf_char_file.o(.text)
    .text                                    0x0800093c   Section        8  rt_locale_intlibspace.o(.text)
    .text                                    0x08000944   Section      138  lludiv10.o(.text)
    .text                                    0x080009d0   Section        0  _printf_char_common.o(.text)
    _printf_input_char                       0x080009d1   Thumb Code    10  _printf_char_common.o(.text)
    .text                                    0x08000a00   Section        0  _printf_fp_infnan.o(.text)
    .text                                    0x08000a80   Section        0  bigflt0.o(.text)
    .text                                    0x08000b64   Section        0  ferror.o(.text)
    .text                                    0x08000b6c   Section        0  initio.o(.text)
    .text                                    0x08000ca4   Section        0  sys_io.o(.text)
    .text                                    0x08000d0c   Section        8  libspace.o(.text)
    .text                                    0x08000d14   Section       74  sys_stackheap_outer.o(.text)
    .text                                    0x08000d5e   Section        0  h1_free.o(.text)
    .text                                    0x08000dac   Section        0  setvbuf.o(.text)
    .text                                    0x08000df4   Section        0  fopen.o(.text)
    _freopen_locked                          0x08000df5   Thumb Code     0  fopen.o(.text)
    .text                                    0x08000ee0   Section        0  fclose.o(.text)
    .text                                    0x08000f2c   Section        0  exit.o(.text)
    .text                                    0x08000f3e   Section        0  defsig_rtred_outer.o(.text)
    .text                                    0x08000f4c   Section      128  strcmpv7m.o(.text)
    .text                                    0x08000fcc   Section        2  use_no_semi.o(.text)
    .text                                    0x08000fce   Section        0  indicate_semi.o(.text)
    .text                                    0x08000fd0   Section        8  rt_heap_descriptor_intlibspace.o(.text)
    .text                                    0x08000fd8   Section        0  hguard.o(.text)
    .text                                    0x08000fdc   Section        0  init_alloc.o(.text)
    .text                                    0x08001066   Section        0  h1_alloc.o(.text)
    .text                                    0x080010c4   Section        0  fseek.o(.text)
    .text                                    0x080011bc   Section        0  stdio.o(.text)
    .text                                    0x080012ac   Section        0  defsig_exit.o(.text)
    .text                                    0x080012b8   Section        0  defsig_rtred_inner.o(.text)
    .text                                    0x080012ec   Section        0  strlen.o(.text)
    .text                                    0x0800132c   Section        0  sys_exit.o(.text)
    .text                                    0x08001338   Section        0  h1_init.o(.text)
    .text                                    0x08001346   Section        0  h1_extend.o(.text)
    .text                                    0x0800137a   Section        0  ftell.o(.text)
    .text                                    0x080013bc   Section        0  defsig_general.o(.text)
    .text                                    0x080013ee   Section        0  defsig_rtmem_outer.o(.text)
    .text                                    0x080013fc   Section        0  sys_wrch.o(.text)
    .text                                    0x0800140c   Section        8  rt_errno_addr_intlibspace.o(.text)
    .text                                    0x08001414   Section        0  defsig_rtmem_inner.o(.text)
    CL$$btod_d2e                             0x08001464   Section       62  btod.o(CL$$btod_d2e)
    CL$$btod_d2e_denorm_low                  0x080014a2   Section       70  btod.o(CL$$btod_d2e_denorm_low)
    CL$$btod_d2e_norm_op1                    0x080014e8   Section       96  btod.o(CL$$btod_d2e_norm_op1)
    CL$$btod_div_common                      0x08001548   Section      824  btod.o(CL$$btod_div_common)
    CL$$btod_e2e                             0x08001880   Section      220  btod.o(CL$$btod_e2e)
    CL$$btod_ediv                            0x0800195c   Section       42  btod.o(CL$$btod_ediv)
    CL$$btod_emul                            0x08001986   Section       42  btod.o(CL$$btod_emul)
    CL$$btod_mult_common                     0x080019b0   Section      580  btod.o(CL$$btod_mult_common)
    i.BLDCMotor_PhaseCtrl                    0x08001bf4   Section        0  bsp_bldc.o(i.BLDCMotor_PhaseCtrl)
    i.BusFault_Handler                       0x08001d9c   Section        0  stm32f4xx_it.o(i.BusFault_Handler)
    i.DebugMon_Handler                       0x08001d9e   Section        0  stm32f4xx_it.o(i.DebugMon_Handler)
    i.Error_Handler                          0x08001da0   Section        0  main.o(i.Error_Handler)
    i.HALLSensor_TIMx_Init                   0x08001da4   Section        0  bsp_hall.o(i.HALLSensor_TIMx_Init)
    i.HALL_GetPhase                          0x08001e04   Section        0  bsp_hall.o(i.HALL_GetPhase)
    i.HAL_GPIO_Init                          0x08001e34   Section        0  stm32f4xx_hal_gpio.o(i.HAL_GPIO_Init)
    i.HAL_GPIO_ReadPin                       0x08002024   Section        0  stm32f4xx_hal_gpio.o(i.HAL_GPIO_ReadPin)
    i.HAL_GetTick                            0x08002030   Section        0  stm32f4xx_hal.o(i.HAL_GetTick)
    i.HAL_IncTick                            0x0800203c   Section        0  stm32f4xx_hal.o(i.HAL_IncTick)
    i.HAL_Init                               0x0800204c   Section        0  stm32f4xx_hal.o(i.HAL_Init)
    i.HAL_InitTick                           0x08002080   Section        0  stm32f4xx_hal.o(i.HAL_InitTick)
    i.HAL_MspInit                            0x080020c0   Section        0  stm32f4xx_hal_msp.o(i.HAL_MspInit)
    i.HAL_NVIC_EnableIRQ                     0x080020f0   Section        0  stm32f4xx_hal_cortex.o(i.HAL_NVIC_EnableIRQ)
    i.HAL_NVIC_SetPriority                   0x0800210c   Section        0  stm32f4xx_hal_cortex.o(i.HAL_NVIC_SetPriority)
    i.HAL_NVIC_SetPriorityGrouping           0x0800214c   Section        0  stm32f4xx_hal_cortex.o(i.HAL_NVIC_SetPriorityGrouping)
    i.HAL_RCC_ClockConfig                    0x08002170   Section        0  stm32f4xx_hal_rcc.o(i.HAL_RCC_ClockConfig)
    i.HAL_RCC_GetPCLK1Freq                   0x080022a4   Section        0  stm32f4xx_hal_rcc.o(i.HAL_RCC_GetPCLK1Freq)
    i.HAL_RCC_GetPCLK2Freq                   0x080022c4   Section        0  stm32f4xx_hal_rcc.o(i.HAL_RCC_GetPCLK2Freq)
    i.HAL_RCC_GetSysClockFreq                0x080022e4   Section        0  stm32f4xx_hal_rcc.o(i.HAL_RCC_GetSysClockFreq)
    i.HAL_RCC_OscConfig                      0x08002344   Section        0  stm32f4xx_hal_rcc.o(i.HAL_RCC_OscConfig)
    i.HAL_SYSTICK_Config                     0x080026b0   Section        0  stm32f4xx_hal_cortex.o(i.HAL_SYSTICK_Config)
    i.HAL_TIMEx_BreakCallback                0x080026d8   Section        0  stm32f4xx_hal_tim_ex.o(i.HAL_TIMEx_BreakCallback)
    i.HAL_TIMEx_CommutCallback               0x080026da   Section        0  stm32f4xx_hal_tim_ex.o(i.HAL_TIMEx_CommutCallback)
    i.HAL_TIMEx_HallSensor_Init              0x080026dc   Section        0  stm32f4xx_hal_tim_ex.o(i.HAL_TIMEx_HallSensor_Init)
    i.HAL_TIMEx_HallSensor_MspInit           0x080027ac   Section        0  tim.o(i.HAL_TIMEx_HallSensor_MspInit)
    i.HAL_TIMEx_MasterConfigSynchronization  0x08002820   Section        0  stm32f4xx_hal_tim_ex.o(i.HAL_TIMEx_MasterConfigSynchronization)
    i.HAL_TIMEx_PWMN_Start                   0x080028b0   Section        0  stm32f4xx_hal_tim_ex.o(i.HAL_TIMEx_PWMN_Start)
    i.HAL_TIMEx_PWMN_Stop                    0x08002970   Section        0  stm32f4xx_hal_tim_ex.o(i.HAL_TIMEx_PWMN_Stop)
    i.HAL_TIM_IC_CaptureCallback             0x080029d8   Section        0  bsp_hall.o(i.HAL_TIM_IC_CaptureCallback)
    i.HAL_TIM_IRQHandler                     0x08002a18   Section        0  stm32f4xx_hal_tim.o(i.HAL_TIM_IRQHandler)
    i.HAL_TIM_OC_DelayElapsedCallback        0x08002b7e   Section        0  stm32f4xx_hal_tim.o(i.HAL_TIM_OC_DelayElapsedCallback)
    i.HAL_TIM_PWM_PulseFinishedCallback      0x08002b80   Section        0  stm32f4xx_hal_tim.o(i.HAL_TIM_PWM_PulseFinishedCallback)
    i.HAL_TIM_PWM_Start                      0x08002b84   Section        0  stm32f4xx_hal_tim.o(i.HAL_TIM_PWM_Start)
    i.HAL_TIM_PWM_Stop                       0x08002c4c   Section        0  stm32f4xx_hal_tim.o(i.HAL_TIM_PWM_Stop)
    i.HAL_TIM_PeriodElapsedCallback          0x08002cc8   Section        0  stm32f4xx_hal_tim.o(i.HAL_TIM_PeriodElapsedCallback)
    i.HAL_TIM_TriggerCallback                0x08002cca   Section        0  stm32f4xx_hal_tim.o(i.HAL_TIM_TriggerCallback)
    i.HAL_UART_Init                          0x08002ccc   Section        0  stm32f4xx_hal_uart.o(i.HAL_UART_Init)
    i.HAL_UART_MspInit                       0x08002d30   Section        0  usart.o(i.HAL_UART_MspInit)
    i.HAL_UART_Transmit                      0x08002d9c   Section        0  stm32f4xx_hal_uart.o(i.HAL_UART_Transmit)
    i.HardFault_Handler                      0x08002e4e   Section        0  stm32f4xx_it.o(i.HardFault_Handler)
    i.MX_GPIO_Init                           0x08002e50   Section        0  gpio.o(i.MX_GPIO_Init)
    i.MX_TIM5_Init                           0x08002e7c   Section        0  tim.o(i.MX_TIM5_Init)
    i.MX_USART1_UART_Init                    0x08002ed0   Section        0  usart.o(i.MX_USART1_UART_Init)
    i.MemManage_Handler                      0x08002f08   Section        0  stm32f4xx_it.o(i.MemManage_Handler)
    i.NMI_Handler                            0x08002f0a   Section        0  stm32f4xx_it.o(i.NMI_Handler)
    i.PendSV_Handler                         0x08002f0c   Section        0  stm32f4xx_it.o(i.PendSV_Handler)
    i.SVC_Handler                            0x08002f0e   Section        0  stm32f4xx_it.o(i.SVC_Handler)
    i.SysTick_Handler                        0x08002f10   Section        0  stm32f4xx_it.o(i.SysTick_Handler)
    i.SystemClock_Config                     0x08002f14   Section        0  main.o(i.SystemClock_Config)
    i.SystemInit                             0x08002fac   Section        0  system_stm32f4xx.o(i.SystemInit)
    i.TIM5_IRQHandler                        0x08002fbc   Section        0  stm32f4xx_it.o(i.TIM5_IRQHandler)
    i.TIM_Base_SetConfig                     0x08002fc8   Section        0  stm32f4xx_hal_tim.o(i.TIM_Base_SetConfig)
    i.TIM_CCxChannelCmd                      0x08003090   Section        0  stm32f4xx_hal_tim.o(i.TIM_CCxChannelCmd)
    i.TIM_CCxNChannelCmd                     0x080030aa   Section        0  stm32f4xx_hal_tim_ex.o(i.TIM_CCxNChannelCmd)
    TIM_CCxNChannelCmd                       0x080030ab   Thumb Code    26  stm32f4xx_hal_tim_ex.o(i.TIM_CCxNChannelCmd)
    i.TIM_OC2_SetConfig                      0x080030c4   Section        0  stm32f4xx_hal_tim.o(i.TIM_OC2_SetConfig)
    i.TIM_TI1_SetConfig                      0x08003130   Section        0  stm32f4xx_hal_tim.o(i.TIM_TI1_SetConfig)
    i.UART_SetConfig                         0x080031b0   Section        0  stm32f4xx_hal_uart.o(i.UART_SetConfig)
    UART_SetConfig                           0x080031b1   Thumb Code   258  stm32f4xx_hal_uart.o(i.UART_SetConfig)
    i.UART_WaitOnFlagUntilTimeout            0x080032bc   Section        0  stm32f4xx_hal_uart.o(i.UART_WaitOnFlagUntilTimeout)
    UART_WaitOnFlagUntilTimeout              0x080032bd   Thumb Code   120  stm32f4xx_hal_uart.o(i.UART_WaitOnFlagUntilTimeout)
    i.UsageFault_Handler                     0x08003334   Section        0  stm32f4xx_it.o(i.UsageFault_Handler)
    i.YS_TIM_HALL_Base_MspInit               0x08003338   Section        0  bsp_hall.o(i.YS_TIM_HALL_Base_MspInit)
    i.__ARM_fpclassify                       0x080033a0   Section        0  fpclassify.o(i.__ARM_fpclassify)
    i.__NVIC_SetPriority                     0x080033d0   Section        0  stm32f4xx_hal_cortex.o(i.__NVIC_SetPriority)
    __NVIC_SetPriority                       0x080033d1   Thumb Code    32  stm32f4xx_hal_cortex.o(i.__NVIC_SetPriority)
    i._is_digit                              0x080033f0   Section        0  __printf_wp.o(i._is_digit)
    i.fabs                                   0x080033fe   Section        0  fabs.o(i.fabs)
    i.fputc                                  0x08003418   Section        0  usart.o(i.fputc)
    i.main                                   0x08003430   Section        0  main.o(i.main)
    locale$$code                             0x0800366c   Section       44  lc_numeric_c.o(locale$$code)
    x$fpl$dretinf                            0x08003698   Section       12  dretinf.o(x$fpl$dretinf)
    $v0                                      0x08003698   Number         0  dretinf.o(x$fpl$dretinf)
    x$fpl$f2d                                0x080036a4   Section       86  f2d.o(x$fpl$f2d)
    $v0                                      0x080036a4   Number         0  f2d.o(x$fpl$f2d)
    x$fpl$fnaninf                            0x080036fa   Section      140  fnaninf.o(x$fpl$fnaninf)
    $v0                                      0x080036fa   Number         0  fnaninf.o(x$fpl$fnaninf)
    x$fpl$fpinit                             0x08003786   Section       10  fpinit.o(x$fpl$fpinit)
    $v0                                      0x08003786   Number         0  fpinit.o(x$fpl$fpinit)
    x$fpl$printf1                            0x08003790   Section        4  printf1.o(x$fpl$printf1)
    $v0                                      0x08003790   Number         0  printf1.o(x$fpl$printf1)
    .constdata                               0x08003794   Section       16  system_stm32f4xx.o(.constdata)
    x$fpl$usenofp                            0x08003794   Section        0  usenofp.o(x$fpl$usenofp)
    .constdata                               0x080037a4   Section        8  system_stm32f4xx.o(.constdata)
    .constdata                               0x080037ac   Section        7  bsp_hall.o(.constdata)
    .constdata                               0x080037b4   Section      148  bigflt0.o(.constdata)
    tenpwrs_x                                0x080037b4   Data          60  bigflt0.o(.constdata)
    tenpwrs_i                                0x080037f0   Data          64  bigflt0.o(.constdata)
    .constdata                               0x08003848   Section        4  sys_io.o(.constdata)
    .constdata                               0x0800384c   Section        4  sys_io.o(.constdata)
    .constdata                               0x08003850   Section        4  sys_io.o(.constdata)
    .conststring                             0x08003854   Section       70  main.o(.conststring)
    locale$$data                             0x080038bc   Section       28  lc_numeric_c.o(locale$$data)
    __lcnum_c_name                           0x080038c0   Data           2  lc_numeric_c.o(locale$$data)
    __lcnum_c_start                          0x080038c8   Data           0  lc_numeric_c.o(locale$$data)
    __lcnum_c_point                          0x080038d4   Data           0  lc_numeric_c.o(locale$$data)
    __lcnum_c_thousands                      0x080038d6   Data           0  lc_numeric_c.o(locale$$data)
    __lcnum_c_grouping                       0x080038d7   Data           0  lc_numeric_c.o(locale$$data)
    __lcnum_c_end                            0x080038d8   Data           0  lc_numeric_c.o(locale$$data)
    .data                                    0x20000000   Section        8  main.o(.data)
    .data                                    0x20000008   Section       12  stm32f4xx_hal.o(.data)
    .data                                    0x20000014   Section        4  system_stm32f4xx.o(.data)
    .data                                    0x20000018   Section       16  bsp_hall.o(.data)
    .data                                    0x20000028   Section        8  bsp_bldc.o(.data)
    .data                                    0x20000030   Section        4  stdio_streams.o(.data)
    .data                                    0x20000034   Section        4  stdio_streams.o(.data)
    .data                                    0x20000038   Section        4  stdio_streams.o(.data)
    .bss                                     0x2000003c   Section       72  tim.o(.bss)
    .bss                                     0x20000084   Section       68  usart.o(.bss)
    .bss                                     0x200000c8   Section       72  bsp_hall.o(.bss)
    .bss                                     0x20000110   Section       72  bsp_bldc.o(.bss)
    .bss                                     0x20000158   Section       84  stdio_streams.o(.bss)
    .bss                                     0x200001ac   Section       84  stdio_streams.o(.bss)
    .bss                                     0x20000200   Section       84  stdio_streams.o(.bss)
    .bss                                     0x20000254   Section       96  libspace.o(.bss)
    HEAP                                     0x200002b8   Section      512  startup_stm32f407xx.o(HEAP)
    Heap_Mem                                 0x200002b8   Data         512  startup_stm32f407xx.o(HEAP)
    STACK                                    0x200004b8   Section     1024  startup_stm32f407xx.o(STACK)
    Stack_Mem                                0x200004b8   Data        1024  startup_stm32f407xx.o(STACK)
    __initial_sp                             0x200008b8   Data           0  startup_stm32f407xx.o(STACK)

    Global Symbols

    Symbol Name                              Value     Ov Type        Size  Object(Section)

    BuildAttributes$$THM_ISAv4$E$P$D$K$B$S$7EM$VFPi3$EXTD16$VFPS$VFMA$PE$A:L22UL41UL21$X:L11$S22US41US21$IEEE1$IW$USESV6$~STKCKD$USESV7$~SHL$OTIME$ROPI$IEEEJ$EBA8$UX$STANDARDLIB$REQ8$PRES8$EABIv2 0x00000000   Number         0  anon$$obj.o ABSOLUTE
    __ARM_use_no_argv                        0x00000000   Number         0  main.o ABSOLUTE
    _printf_flags                            0x00000000   Number         0  printf_stubs.o ABSOLUTE
    _printf_return_value                     0x00000000   Number         0  printf_stubs.o ABSOLUTE
    _printf_sizespec                         0x00000000   Number         0  printf_stubs.o ABSOLUTE
    _printf_widthprec                        0x00000000   Number         0  printf_stubs.o ABSOLUTE
    __ARM_exceptions_init                     - Undefined Weak Reference
    __alloca_initialize                       - Undefined Weak Reference
    __arm_fini_                               - Undefined Weak Reference
    __arm_preinit_                            - Undefined Weak Reference
    __cpp_initialize__aeabi_                  - Undefined Weak Reference
    __cxa_finalize                            - Undefined Weak Reference
    __sigvec_lookup                           - Undefined Weak Reference
    __user_heap_extent                        - Undefined Weak Reference
    _atexit_init                              - Undefined Weak Reference
    _call_atexit_fns                          - Undefined Weak Reference
    _clock_init                               - Undefined Weak Reference
    _fp_trap_init                             - Undefined Weak Reference
    _fp_trap_shutdown                         - Undefined Weak Reference
    _get_lc_collate                           - Undefined Weak Reference
    _get_lc_ctype                             - Undefined Weak Reference
    _get_lc_monetary                          - Undefined Weak Reference
    _get_lc_time                              - Undefined Weak Reference
    _getenv_init                              - Undefined Weak Reference
    _handle_redirection                       - Undefined Weak Reference
    _mutex_acquire                            - Undefined Weak Reference
    _mutex_free                               - Undefined Weak Reference
    _mutex_release                            - Undefined Weak Reference
    _printf_post_padding                      - Undefined Weak Reference
    _printf_pre_padding                       - Undefined Weak Reference
    _rand_init                                - Undefined Weak Reference
    _signal_finish                            - Undefined Weak Reference
    _signal_init                              - Undefined Weak Reference
    __Vectors_Size                           0x00000188   Number         0  startup_stm32f407xx.o ABSOLUTE
    __Vectors                                0x08000000   Data           4  startup_stm32f407xx.o(RESET)
    __Vectors_End                            0x08000188   Data           0  startup_stm32f407xx.o(RESET)
    __main                                   0x08000189   Thumb Code     8  __main.o(!!!main)
    __scatterload                            0x08000191   Thumb Code     0  __scatter.o(!!!scatter)
    __scatterload_rt2                        0x08000191   Thumb Code    44  __scatter.o(!!!scatter)
    __scatterload_rt2_thumb_only             0x08000191   Thumb Code     0  __scatter.o(!!!scatter)
    __scatterload_null                       0x0800019f   Thumb Code     0  __scatter.o(!!!scatter)
    __scatterload_copy                       0x080001c5   Thumb Code    26  __scatter_copy.o(!!handler_copy)
    __scatterload_zeroinit                   0x080001e1   Thumb Code    28  __scatter_zi.o(!!handler_zi)
    _printf_f                                0x080001fd   Thumb Code     0  _printf_f.o(.ARM.Collect$$_printf_percent$$00000003)
    _printf_percent                          0x080001fd   Thumb Code     0  _printf_percent.o(.ARM.Collect$$_printf_percent$$00000000)
    _printf_percent_end                      0x08000203   Thumb Code     0  _printf_percent_end.o(.ARM.Collect$$_printf_percent$$00000017)
    __rt_lib_init                            0x08000207   Thumb Code     0  libinit.o(.ARM.Collect$$libinit$$00000000)
    __rt_lib_init_fp_1                       0x08000209   Thumb Code     0  libinit2.o(.ARM.Collect$$libinit$$00000001)
    __rt_lib_init_heap_2                     0x0800020d   Thumb Code     0  libinit2.o(.ARM.Collect$$libinit$$00000005)
    __rt_lib_init_preinit_1                  0x0800020d   Thumb Code     0  libinit2.o(.ARM.Collect$$libinit$$00000004)
    __rt_lib_init_heap_1                     0x08000215   Thumb Code     0  libinit2.o(.ARM.Collect$$libinit$$0000000A)
    __rt_lib_init_lc_common                  0x08000215   Thumb Code     0  libinit2.o(.ARM.Collect$$libinit$$0000000F)
    __rt_lib_init_rand_1                     0x08000215   Thumb Code     0  libinit2.o(.ARM.Collect$$libinit$$0000000E)
    __rt_lib_init_user_alloc_1               0x08000215   Thumb Code     0  libinit2.o(.ARM.Collect$$libinit$$0000000C)
    __rt_lib_init_lc_collate_1               0x0800021b   Thumb Code     0  libinit2.o(.ARM.Collect$$libinit$$00000011)
    __rt_lib_init_lc_ctype_1                 0x0800021b   Thumb Code     0  libinit2.o(.ARM.Collect$$libinit$$00000013)
    __rt_lib_init_lc_monetary_1              0x0800021b   Thumb Code     0  libinit2.o(.ARM.Collect$$libinit$$00000015)
    __rt_lib_init_lc_numeric_2               0x0800021b   Thumb Code     0  libinit2.o(.ARM.Collect$$libinit$$00000016)
    __rt_lib_init_atexit_1                   0x08000225   Thumb Code     0  libinit2.o(.ARM.Collect$$libinit$$0000001B)
    __rt_lib_init_clock_1                    0x08000225   Thumb Code     0  libinit2.o(.ARM.Collect$$libinit$$00000021)
    __rt_lib_init_fp_trap_1                  0x08000225   Thumb Code     0  libinit2.o(.ARM.Collect$$libinit$$0000001F)
    __rt_lib_init_getenv_1                   0x08000225   Thumb Code     0  libinit2.o(.ARM.Collect$$libinit$$00000023)
    __rt_lib_init_lc_numeric_1               0x08000225   Thumb Code     0  libinit2.o(.ARM.Collect$$libinit$$00000017)
    __rt_lib_init_lc_time_1                  0x08000225   Thumb Code     0  libinit2.o(.ARM.Collect$$libinit$$00000019)
    __rt_lib_init_signal_1                   0x08000225   Thumb Code     0  libinit2.o(.ARM.Collect$$libinit$$0000001D)
    __rt_lib_init_stdio_2                    0x08000225   Thumb Code     0  libinit2.o(.ARM.Collect$$libinit$$00000024)
    __rt_lib_init_alloca_1                   0x08000229   Thumb Code     0  libinit2.o(.ARM.Collect$$libinit$$0000002E)
    __rt_lib_init_argv_1                     0x08000229   Thumb Code     0  libinit2.o(.ARM.Collect$$libinit$$0000002C)
    __rt_lib_init_cpp_1                      0x08000229   Thumb Code     0  libinit2.o(.ARM.Collect$$libinit$$00000032)
    __rt_lib_init_exceptions_1               0x08000229   Thumb Code     0  libinit2.o(.ARM.Collect$$libinit$$00000030)
    __rt_lib_init_return                     0x08000229   Thumb Code     0  libinit2.o(.ARM.Collect$$libinit$$00000033)
    __rt_lib_init_stdio_1                    0x08000229   Thumb Code     0  libinit2.o(.ARM.Collect$$libinit$$00000025)
    __rt_lib_shutdown                        0x0800022b   Thumb Code     0  libshutdown.o(.ARM.Collect$$libshutdown$$00000000)
    __rt_lib_shutdown_cpp_1                  0x0800022d   Thumb Code     0  libshutdown2.o(.ARM.Collect$$libshutdown$$00000004)
    __rt_lib_shutdown_fini_1                 0x0800022d   Thumb Code     0  libshutdown2.o(.ARM.Collect$$libshutdown$$00000002)
    __rt_lib_shutdown_stdio_2                0x0800022d   Thumb Code     0  libshutdown2.o(.ARM.Collect$$libshutdown$$00000005)
    __rt_lib_shutdown_fp_trap_1              0x08000231   Thumb Code     0  libshutdown2.o(.ARM.Collect$$libshutdown$$00000009)
    __rt_lib_shutdown_heap_1                 0x08000231   Thumb Code     0  libshutdown2.o(.ARM.Collect$$libshutdown$$00000011)
    __rt_lib_shutdown_return                 0x08000231   Thumb Code     0  libshutdown2.o(.ARM.Collect$$libshutdown$$00000012)
    __rt_lib_shutdown_signal_1               0x08000231   Thumb Code     0  libshutdown2.o(.ARM.Collect$$libshutdown$$0000000C)
    __rt_lib_shutdown_stdio_1                0x08000231   Thumb Code     0  libshutdown2.o(.ARM.Collect$$libshutdown$$00000006)
    __rt_lib_shutdown_user_alloc_1           0x08000231   Thumb Code     0  libshutdown2.o(.ARM.Collect$$libshutdown$$0000000E)
    __rt_entry                               0x08000233   Thumb Code     0  __rtentry.o(.ARM.Collect$$rtentry$$00000000)
    __rt_entry_presh_1                       0x08000233   Thumb Code     0  __rtentry2.o(.ARM.Collect$$rtentry$$00000002)
    __rt_entry_sh                            0x08000233   Thumb Code     0  __rtentry4.o(.ARM.Collect$$rtentry$$00000004)
    __rt_entry_li                            0x08000239   Thumb Code     0  __rtentry2.o(.ARM.Collect$$rtentry$$0000000A)
    __rt_entry_postsh_1                      0x08000239   Thumb Code     0  __rtentry2.o(.ARM.Collect$$rtentry$$00000009)
    __rt_entry_main                          0x0800023d   Thumb Code     0  __rtentry2.o(.ARM.Collect$$rtentry$$0000000D)
    __rt_entry_postli_1                      0x0800023d   Thumb Code     0  __rtentry2.o(.ARM.Collect$$rtentry$$0000000C)
    __rt_exit                                0x08000245   Thumb Code     0  rtexit.o(.ARM.Collect$$rtexit$$00000000)
    __rt_exit_ls                             0x08000247   Thumb Code     0  rtexit2.o(.ARM.Collect$$rtexit$$00000003)
    __rt_exit_prels_1                        0x08000247   Thumb Code     0  rtexit2.o(.ARM.Collect$$rtexit$$00000002)
    __rt_exit_exit                           0x0800024b   Thumb Code     0  rtexit2.o(.ARM.Collect$$rtexit$$00000004)
    Reset_Handler                            0x08000251   Thumb Code     8  startup_stm32f407xx.o(.text)
    _maybe_terminate_alloc                   0x08000251   Thumb Code     0  maybetermalloc1.o(.emb_text)
    ADC_IRQHandler                           0x0800026b   Thumb Code     0  startup_stm32f407xx.o(.text)
    CAN1_RX0_IRQHandler                      0x0800026b   Thumb Code     0  startup_stm32f407xx.o(.text)
    CAN1_RX1_IRQHandler                      0x0800026b   Thumb Code     0  startup_stm32f407xx.o(.text)
    CAN1_SCE_IRQHandler                      0x0800026b   Thumb Code     0  startup_stm32f407xx.o(.text)
    CAN1_TX_IRQHandler                       0x0800026b   Thumb Code     0  startup_stm32f407xx.o(.text)
    CAN2_RX0_IRQHandler                      0x0800026b   Thumb Code     0  startup_stm32f407xx.o(.text)
    CAN2_RX1_IRQHandler                      0x0800026b   Thumb Code     0  startup_stm32f407xx.o(.text)
    CAN2_SCE_IRQHandler                      0x0800026b   Thumb Code     0  startup_stm32f407xx.o(.text)
    CAN2_TX_IRQHandler                       0x0800026b   Thumb Code     0  startup_stm32f407xx.o(.text)
    DCMI_IRQHandler                          0x0800026b   Thumb Code     0  startup_stm32f407xx.o(.text)
    DMA1_Stream0_IRQHandler                  0x0800026b   Thumb Code     0  startup_stm32f407xx.o(.text)
    DMA1_Stream1_IRQHandler                  0x0800026b   Thumb Code     0  startup_stm32f407xx.o(.text)
    DMA1_Stream2_IRQHandler                  0x0800026b   Thumb Code     0  startup_stm32f407xx.o(.text)
    DMA1_Stream3_IRQHandler                  0x0800026b   Thumb Code     0  startup_stm32f407xx.o(.text)
    DMA1_Stream4_IRQHandler                  0x0800026b   Thumb Code     0  startup_stm32f407xx.o(.text)
    DMA1_Stream5_IRQHandler                  0x0800026b   Thumb Code     0  startup_stm32f407xx.o(.text)
    DMA1_Stream6_IRQHandler                  0x0800026b   Thumb Code     0  startup_stm32f407xx.o(.text)
    DMA1_Stream7_IRQHandler                  0x0800026b   Thumb Code     0  startup_stm32f407xx.o(.text)
    DMA2_Stream0_IRQHandler                  0x0800026b   Thumb Code     0  startup_stm32f407xx.o(.text)
    DMA2_Stream1_IRQHandler                  0x0800026b   Thumb Code     0  startup_stm32f407xx.o(.text)
    DMA2_Stream2_IRQHandler                  0x0800026b   Thumb Code     0  startup_stm32f407xx.o(.text)
    DMA2_Stream3_IRQHandler                  0x0800026b   Thumb Code     0  startup_stm32f407xx.o(.text)
    DMA2_Stream4_IRQHandler                  0x0800026b   Thumb Code     0  startup_stm32f407xx.o(.text)
    DMA2_Stream5_IRQHandler                  0x0800026b   Thumb Code     0  startup_stm32f407xx.o(.text)
    DMA2_Stream6_IRQHandler                  0x0800026b   Thumb Code     0  startup_stm32f407xx.o(.text)
    DMA2_Stream7_IRQHandler                  0x0800026b   Thumb Code     0  startup_stm32f407xx.o(.text)
    ETH_IRQHandler                           0x0800026b   Thumb Code     0  startup_stm32f407xx.o(.text)
    ETH_WKUP_IRQHandler                      0x0800026b   Thumb Code     0  startup_stm32f407xx.o(.text)
    EXTI0_IRQHandler                         0x0800026b   Thumb Code     0  startup_stm32f407xx.o(.text)
    EXTI15_10_IRQHandler                     0x0800026b   Thumb Code     0  startup_stm32f407xx.o(.text)
    EXTI1_IRQHandler                         0x0800026b   Thumb Code     0  startup_stm32f407xx.o(.text)
    EXTI2_IRQHandler                         0x0800026b   Thumb Code     0  startup_stm32f407xx.o(.text)
    EXTI3_IRQHandler                         0x0800026b   Thumb Code     0  startup_stm32f407xx.o(.text)
    EXTI4_IRQHandler                         0x0800026b   Thumb Code     0  startup_stm32f407xx.o(.text)
    EXTI9_5_IRQHandler                       0x0800026b   Thumb Code     0  startup_stm32f407xx.o(.text)
    FLASH_IRQHandler                         0x0800026b   Thumb Code     0  startup_stm32f407xx.o(.text)
    FMC_IRQHandler                           0x0800026b   Thumb Code     0  startup_stm32f407xx.o(.text)
    FPU_IRQHandler                           0x0800026b   Thumb Code     0  startup_stm32f407xx.o(.text)
    HASH_RNG_IRQHandler                      0x0800026b   Thumb Code     0  startup_stm32f407xx.o(.text)
    I2C1_ER_IRQHandler                       0x0800026b   Thumb Code     0  startup_stm32f407xx.o(.text)
    I2C1_EV_IRQHandler                       0x0800026b   Thumb Code     0  startup_stm32f407xx.o(.text)
    I2C2_ER_IRQHandler                       0x0800026b   Thumb Code     0  startup_stm32f407xx.o(.text)
    I2C2_EV_IRQHandler                       0x0800026b   Thumb Code     0  startup_stm32f407xx.o(.text)
    I2C3_ER_IRQHandler                       0x0800026b   Thumb Code     0  startup_stm32f407xx.o(.text)
    I2C3_EV_IRQHandler                       0x0800026b   Thumb Code     0  startup_stm32f407xx.o(.text)
    OTG_FS_IRQHandler                        0x0800026b   Thumb Code     0  startup_stm32f407xx.o(.text)
    OTG_FS_WKUP_IRQHandler                   0x0800026b   Thumb Code     0  startup_stm32f407xx.o(.text)
    OTG_HS_EP1_IN_IRQHandler                 0x0800026b   Thumb Code     0  startup_stm32f407xx.o(.text)
    OTG_HS_EP1_OUT_IRQHandler                0x0800026b   Thumb Code     0  startup_stm32f407xx.o(.text)
    OTG_HS_IRQHandler                        0x0800026b   Thumb Code     0  startup_stm32f407xx.o(.text)
    OTG_HS_WKUP_IRQHandler                   0x0800026b   Thumb Code     0  startup_stm32f407xx.o(.text)
    PVD_IRQHandler                           0x0800026b   Thumb Code     0  startup_stm32f407xx.o(.text)
    RCC_IRQHandler                           0x0800026b   Thumb Code     0  startup_stm32f407xx.o(.text)
    RTC_Alarm_IRQHandler                     0x0800026b   Thumb Code     0  startup_stm32f407xx.o(.text)
    RTC_WKUP_IRQHandler                      0x0800026b   Thumb Code     0  startup_stm32f407xx.o(.text)
    SDIO_IRQHandler                          0x0800026b   Thumb Code     0  startup_stm32f407xx.o(.text)
    SPI1_IRQHandler                          0x0800026b   Thumb Code     0  startup_stm32f407xx.o(.text)
    SPI2_IRQHandler                          0x0800026b   Thumb Code     0  startup_stm32f407xx.o(.text)
    SPI3_IRQHandler                          0x0800026b   Thumb Code     0  startup_stm32f407xx.o(.text)
    TAMP_STAMP_IRQHandler                    0x0800026b   Thumb Code     0  startup_stm32f407xx.o(.text)
    TIM1_BRK_TIM9_IRQHandler                 0x0800026b   Thumb Code     0  startup_stm32f407xx.o(.text)
    TIM1_CC_IRQHandler                       0x0800026b   Thumb Code     0  startup_stm32f407xx.o(.text)
    TIM1_TRG_COM_TIM11_IRQHandler            0x0800026b   Thumb Code     0  startup_stm32f407xx.o(.text)
    TIM1_UP_TIM10_IRQHandler                 0x0800026b   Thumb Code     0  startup_stm32f407xx.o(.text)
    TIM2_IRQHandler                          0x0800026b   Thumb Code     0  startup_stm32f407xx.o(.text)
    TIM3_IRQHandler                          0x0800026b   Thumb Code     0  startup_stm32f407xx.o(.text)
    TIM4_IRQHandler                          0x0800026b   Thumb Code     0  startup_stm32f407xx.o(.text)
    TIM6_DAC_IRQHandler                      0x0800026b   Thumb Code     0  startup_stm32f407xx.o(.text)
    TIM7_IRQHandler                          0x0800026b   Thumb Code     0  startup_stm32f407xx.o(.text)
    TIM8_BRK_TIM12_IRQHandler                0x0800026b   Thumb Code     0  startup_stm32f407xx.o(.text)
    TIM8_CC_IRQHandler                       0x0800026b   Thumb Code     0  startup_stm32f407xx.o(.text)
    TIM8_TRG_COM_TIM14_IRQHandler            0x0800026b   Thumb Code     0  startup_stm32f407xx.o(.text)
    TIM8_UP_TIM13_IRQHandler                 0x0800026b   Thumb Code     0  startup_stm32f407xx.o(.text)
    UART4_IRQHandler                         0x0800026b   Thumb Code     0  startup_stm32f407xx.o(.text)
    UART5_IRQHandler                         0x0800026b   Thumb Code     0  startup_stm32f407xx.o(.text)
    USART1_IRQHandler                        0x0800026b   Thumb Code     0  startup_stm32f407xx.o(.text)
    USART2_IRQHandler                        0x0800026b   Thumb Code     0  startup_stm32f407xx.o(.text)
    USART3_IRQHandler                        0x0800026b   Thumb Code     0  startup_stm32f407xx.o(.text)
    USART6_IRQHandler                        0x0800026b   Thumb Code     0  startup_stm32f407xx.o(.text)
    WWDG_IRQHandler                          0x0800026b   Thumb Code     0  startup_stm32f407xx.o(.text)
    __user_initial_stackheap                 0x0800026d   Thumb Code     0  startup_stm32f407xx.o(.text)
    __aeabi_uldivmod                         0x08000291   Thumb Code     0  lludivv7m.o(.text)
    _ll_udiv                                 0x08000291   Thumb Code   238  lludivv7m.o(.text)
    __2printf                                0x08000381   Thumb Code    20  noretval__2printf.o(.text)
    __printf                                 0x08000399   Thumb Code   270  __printf_wp.o(.text)
    __aeabi_memclr4                          0x080004a7   Thumb Code     0  rt_memclr_w.o(.text)
    __aeabi_memclr8                          0x080004a7   Thumb Code     0  rt_memclr_w.o(.text)
    __rt_memclr_w                            0x080004a7   Thumb Code    78  rt_memclr_w.o(.text)
    _memset_w                                0x080004ab   Thumb Code     0  rt_memclr_w.o(.text)
    __use_two_region_memory                  0x080004f5   Thumb Code     2  heapauxi.o(.text)
    __rt_heap_escrow                         0x080004f7   Thumb Code     2  heapauxi.o(.text)
    __rt_heap_expand                         0x080004f9   Thumb Code     2  heapauxi.o(.text)
    __lib_sel_fp_printf                      0x080004fb   Thumb Code     2  _printf_fp_dec.o(.text)
    _printf_fp_dec_real                      0x080006ad   Thumb Code   620  _printf_fp_dec.o(.text)
    _printf_char_file                        0x08000919   Thumb Code    32  _printf_char_file.o(.text)
    __rt_locale                              0x0800093d   Thumb Code     8  rt_locale_intlibspace.o(.text)
    _ll_udiv10                               0x08000945   Thumb Code   138  lludiv10.o(.text)
    _printf_char_common                      0x080009db   Thumb Code    32  _printf_char_common.o(.text)
    _printf_fp_infnan                        0x08000a01   Thumb Code   112  _printf_fp_infnan.o(.text)
    _btod_etento                             0x08000a81   Thumb Code   224  bigflt0.o(.text)
    ferror                                   0x08000b65   Thumb Code     8  ferror.o(.text)
    _initio                                  0x08000b6d   Thumb Code   210  initio.o(.text)
    _terminateio                             0x08000c3f   Thumb Code    56  initio.o(.text)
    _sys_open                                0x08000ca5   Thumb Code    20  sys_io.o(.text)
    _sys_close                               0x08000cb9   Thumb Code    12  sys_io.o(.text)
    _sys_write                               0x08000cc5   Thumb Code    16  sys_io.o(.text)
    _sys_read                                0x08000cd5   Thumb Code    14  sys_io.o(.text)
    _sys_istty                               0x08000ce3   Thumb Code    12  sys_io.o(.text)
    _sys_seek                                0x08000cef   Thumb Code    14  sys_io.o(.text)
    _sys_ensure                              0x08000cfd   Thumb Code     2  sys_io.o(.text)
    _sys_flen                                0x08000cff   Thumb Code    12  sys_io.o(.text)
    __user_libspace                          0x08000d0d   Thumb Code     8  libspace.o(.text)
    __user_perproc_libspace                  0x08000d0d   Thumb Code     0  libspace.o(.text)
    __user_perthread_libspace                0x08000d0d   Thumb Code     0  libspace.o(.text)
    __user_setup_stackheap                   0x08000d15   Thumb Code    74  sys_stackheap_outer.o(.text)
    free                                     0x08000d5f   Thumb Code    78  h1_free.o(.text)
    setvbuf                                  0x08000dad   Thumb Code    70  setvbuf.o(.text)
    freopen                                  0x08000df5   Thumb Code   158  fopen.o(.text)
    fopen                                    0x08000e93   Thumb Code    74  fopen.o(.text)
    _fclose_internal                         0x08000ee1   Thumb Code    76  fclose.o(.text)
    fclose                                   0x08000ee1   Thumb Code     0  fclose.o(.text)
    exit                                     0x08000f2d   Thumb Code    18  exit.o(.text)
    __rt_SIGRTRED                            0x08000f3f   Thumb Code    14  defsig_rtred_outer.o(.text)
    strcmp                                   0x08000f4d   Thumb Code   128  strcmpv7m.o(.text)
    __I$use$semihosting                      0x08000fcd   Thumb Code     0  use_no_semi.o(.text)
    __use_no_semihosting_swi                 0x08000fcd   Thumb Code     2  use_no_semi.o(.text)
    __semihosting_library_function           0x08000fcf   Thumb Code     0  indicate_semi.o(.text)
    __rt_heap_descriptor                     0x08000fd1   Thumb Code     8  rt_heap_descriptor_intlibspace.o(.text)
    __use_no_heap                            0x08000fd9   Thumb Code     2  hguard.o(.text)
    __heap$guard                             0x08000fdb   Thumb Code     2  hguard.o(.text)
    _terminate_user_alloc                    0x08000fdd   Thumb Code     2  init_alloc.o(.text)
    _init_user_alloc                         0x08000fdf   Thumb Code     2  init_alloc.o(.text)
    __Heap_Full                              0x08000fe1   Thumb Code    34  init_alloc.o(.text)
    __Heap_Broken                            0x08001003   Thumb Code     6  init_alloc.o(.text)
    _init_alloc                              0x08001009   Thumb Code    94  init_alloc.o(.text)
    malloc                                   0x08001067   Thumb Code    94  h1_alloc.o(.text)
    _fseek                                   0x080010c5   Thumb Code   242  fseek.o(.text)
    fseek                                    0x080010c5   Thumb Code     0  fseek.o(.text)
    _seterr                                  0x080011bd   Thumb Code    20  stdio.o(.text)
    _writebuf                                0x080011d1   Thumb Code    84  stdio.o(.text)
    _fflush                                  0x08001225   Thumb Code    70  stdio.o(.text)
    _deferredlazyseek                        0x0800126b   Thumb Code    60  stdio.o(.text)
    __sig_exit                               0x080012ad   Thumb Code    10  defsig_exit.o(.text)
    __rt_SIGRTRED_inner                      0x080012b9   Thumb Code    14  defsig_rtred_inner.o(.text)
    strlen                                   0x080012ed   Thumb Code    62  strlen.o(.text)
    _sys_exit                                0x0800132d   Thumb Code     8  sys_exit.o(.text)
    __Heap_Initialize                        0x08001339   Thumb Code    10  h1_init.o(.text)
    __Heap_DescSize                          0x08001343   Thumb Code     4  h1_init.o(.text)
    __Heap_ProvideMemory                     0x08001347   Thumb Code    52  h1_extend.o(.text)
    _ftell_internal                          0x0800137b   Thumb Code    66  ftell.o(.text)
    ftell                                    0x0800137b   Thumb Code     0  ftell.o(.text)
    __default_signal_display                 0x080013bd   Thumb Code    50  defsig_general.o(.text)
    __rt_SIGRTMEM                            0x080013ef   Thumb Code    14  defsig_rtmem_outer.o(.text)
    _ttywrch                                 0x080013fd   Thumb Code    14  sys_wrch.o(.text)
    __aeabi_errno_addr                       0x0800140d   Thumb Code     8  rt_errno_addr_intlibspace.o(.text)
    __errno$intlibspace                      0x0800140d   Thumb Code     0  rt_errno_addr_intlibspace.o(.text)
    __rt_errno_addr$intlibspace              0x0800140d   Thumb Code     0  rt_errno_addr_intlibspace.o(.text)
    __rt_SIGRTMEM_inner                      0x08001415   Thumb Code    22  defsig_rtmem_inner.o(.text)
    _btod_d2e                                0x08001465   Thumb Code    62  btod.o(CL$$btod_d2e)
    _d2e_denorm_low                          0x080014a3   Thumb Code    70  btod.o(CL$$btod_d2e_denorm_low)
    _d2e_norm_op1                            0x080014e9   Thumb Code    96  btod.o(CL$$btod_d2e_norm_op1)
    __btod_div_common                        0x08001549   Thumb Code   696  btod.o(CL$$btod_div_common)
    _e2e                                     0x08001881   Thumb Code   220  btod.o(CL$$btod_e2e)
    _btod_ediv                               0x0800195d   Thumb Code    42  btod.o(CL$$btod_ediv)
    _btod_emul                               0x08001987   Thumb Code    42  btod.o(CL$$btod_emul)
    __btod_mult_common                       0x080019b1   Thumb Code   580  btod.o(CL$$btod_mult_common)
    BLDCMotor_PhaseCtrl                      0x08001bf5   Thumb Code   412  bsp_bldc.o(i.BLDCMotor_PhaseCtrl)
    BusFault_Handler                         0x08001d9d   Thumb Code     2  stm32f4xx_it.o(i.BusFault_Handler)
    DebugMon_Handler                         0x08001d9f   Thumb Code     2  stm32f4xx_it.o(i.DebugMon_Handler)
    Error_Handler                            0x08001da1   Thumb Code     4  main.o(i.Error_Handler)
    HALLSensor_TIMx_Init                     0x08001da5   Thumb Code    82  bsp_hall.o(i.HALLSensor_TIMx_Init)
    HALL_GetPhase                            0x08001e05   Thumb Code    42  bsp_hall.o(i.HALL_GetPhase)
    HAL_GPIO_Init                            0x08001e35   Thumb Code   450  stm32f4xx_hal_gpio.o(i.HAL_GPIO_Init)
    HAL_GPIO_ReadPin                         0x08002025   Thumb Code    10  stm32f4xx_hal_gpio.o(i.HAL_GPIO_ReadPin)
    HAL_GetTick                              0x08002031   Thumb Code     6  stm32f4xx_hal.o(i.HAL_GetTick)
    HAL_IncTick                              0x0800203d   Thumb Code    12  stm32f4xx_hal.o(i.HAL_IncTick)
    HAL_Init                                 0x0800204d   Thumb Code    48  stm32f4xx_hal.o(i.HAL_Init)
    HAL_InitTick                             0x08002081   Thumb Code    54  stm32f4xx_hal.o(i.HAL_InitTick)
    HAL_MspInit                              0x080020c1   Thumb Code    42  stm32f4xx_hal_msp.o(i.HAL_MspInit)
    HAL_NVIC_EnableIRQ                       0x080020f1   Thumb Code    26  stm32f4xx_hal_cortex.o(i.HAL_NVIC_EnableIRQ)
    HAL_NVIC_SetPriority                     0x0800210d   Thumb Code    60  stm32f4xx_hal_cortex.o(i.HAL_NVIC_SetPriority)
    HAL_NVIC_SetPriorityGrouping             0x0800214d   Thumb Code    26  stm32f4xx_hal_cortex.o(i.HAL_NVIC_SetPriorityGrouping)
    HAL_RCC_ClockConfig                      0x08002171   Thumb Code   288  stm32f4xx_hal_rcc.o(i.HAL_RCC_ClockConfig)
    HAL_RCC_GetPCLK1Freq                     0x080022a5   Thumb Code    20  stm32f4xx_hal_rcc.o(i.HAL_RCC_GetPCLK1Freq)
    HAL_RCC_GetPCLK2Freq                     0x080022c5   Thumb Code    20  stm32f4xx_hal_rcc.o(i.HAL_RCC_GetPCLK2Freq)
    HAL_RCC_GetSysClockFreq                  0x080022e5   Thumb Code    88  stm32f4xx_hal_rcc.o(i.HAL_RCC_GetSysClockFreq)
    HAL_RCC_OscConfig                        0x08002345   Thumb Code   856  stm32f4xx_hal_rcc.o(i.HAL_RCC_OscConfig)
    HAL_SYSTICK_Config                       0x080026b1   Thumb Code    40  stm32f4xx_hal_cortex.o(i.HAL_SYSTICK_Config)
    HAL_TIMEx_BreakCallback                  0x080026d9   Thumb Code     2  stm32f4xx_hal_tim_ex.o(i.HAL_TIMEx_BreakCallback)
    HAL_TIMEx_CommutCallback                 0x080026db   Thumb Code     2  stm32f4xx_hal_tim_ex.o(i.HAL_TIMEx_CommutCallback)
    HAL_TIMEx_HallSensor_Init                0x080026dd   Thumb Code   208  stm32f4xx_hal_tim_ex.o(i.HAL_TIMEx_HallSensor_Init)
    HAL_TIMEx_HallSensor_MspInit             0x080027ad   Thumb Code   104  tim.o(i.HAL_TIMEx_HallSensor_MspInit)
    HAL_TIMEx_MasterConfigSynchronization    0x08002821   Thumb Code   116  stm32f4xx_hal_tim_ex.o(i.HAL_TIMEx_MasterConfigSynchronization)
    HAL_TIMEx_PWMN_Start                     0x080028b1   Thumb Code   164  stm32f4xx_hal_tim_ex.o(i.HAL_TIMEx_PWMN_Start)
    HAL_TIMEx_PWMN_Stop                      0x08002971   Thumb Code   104  stm32f4xx_hal_tim_ex.o(i.HAL_TIMEx_PWMN_Stop)
    HAL_TIM_IC_CaptureCallback               0x080029d9   Thumb Code    54  bsp_hall.o(i.HAL_TIM_IC_CaptureCallback)
    HAL_TIM_IRQHandler                       0x08002a19   Thumb Code   358  stm32f4xx_hal_tim.o(i.HAL_TIM_IRQHandler)
    HAL_TIM_OC_DelayElapsedCallback          0x08002b7f   Thumb Code     2  stm32f4xx_hal_tim.o(i.HAL_TIM_OC_DelayElapsedCallback)
    HAL_TIM_PWM_PulseFinishedCallback        0x08002b81   Thumb Code     2  stm32f4xx_hal_tim.o(i.HAL_TIM_PWM_PulseFinishedCallback)
    HAL_TIM_PWM_Start                        0x08002b85   Thumb Code   172  stm32f4xx_hal_tim.o(i.HAL_TIM_PWM_Start)
    HAL_TIM_PWM_Stop                         0x08002c4d   Thumb Code   114  stm32f4xx_hal_tim.o(i.HAL_TIM_PWM_Stop)
    HAL_TIM_PeriodElapsedCallback            0x08002cc9   Thumb Code     2  stm32f4xx_hal_tim.o(i.HAL_TIM_PeriodElapsedCallback)
    HAL_TIM_TriggerCallback                  0x08002ccb   Thumb Code     2  stm32f4xx_hal_tim.o(i.HAL_TIM_TriggerCallback)
    HAL_UART_Init                            0x08002ccd   Thumb Code    98  stm32f4xx_hal_uart.o(i.HAL_UART_Init)
    HAL_UART_MspInit                         0x08002d31   Thumb Code    94  usart.o(i.HAL_UART_MspInit)
    HAL_UART_Transmit                        0x08002d9d   Thumb Code   178  stm32f4xx_hal_uart.o(i.HAL_UART_Transmit)
    HardFault_Handler                        0x08002e4f   Thumb Code     2  stm32f4xx_it.o(i.HardFault_Handler)
    MX_GPIO_Init                             0x08002e51   Thumb Code    38  gpio.o(i.MX_GPIO_Init)
    MX_TIM5_Init                             0x08002e7d   Thumb Code    74  tim.o(i.MX_TIM5_Init)
    MX_USART1_UART_Init                      0x08002ed1   Thumb Code    48  usart.o(i.MX_USART1_UART_Init)
    MemManage_Handler                        0x08002f09   Thumb Code     2  stm32f4xx_it.o(i.MemManage_Handler)
    NMI_Handler                              0x08002f0b   Thumb Code     2  stm32f4xx_it.o(i.NMI_Handler)
    PendSV_Handler                           0x08002f0d   Thumb Code     2  stm32f4xx_it.o(i.PendSV_Handler)
    SVC_Handler                              0x08002f0f   Thumb Code     2  stm32f4xx_it.o(i.SVC_Handler)
    SysTick_Handler                          0x08002f11   Thumb Code     4  stm32f4xx_it.o(i.SysTick_Handler)
    SystemClock_Config                       0x08002f15   Thumb Code   142  main.o(i.SystemClock_Config)
    SystemInit                               0x08002fad   Thumb Code    12  system_stm32f4xx.o(i.SystemInit)
    TIM5_IRQHandler                          0x08002fbd   Thumb Code     6  stm32f4xx_it.o(i.TIM5_IRQHandler)
    TIM_Base_SetConfig                       0x08002fc9   Thumb Code   156  stm32f4xx_hal_tim.o(i.TIM_Base_SetConfig)
    TIM_CCxChannelCmd                        0x08003091   Thumb Code    26  stm32f4xx_hal_tim.o(i.TIM_CCxChannelCmd)
    TIM_OC2_SetConfig                        0x080030c5   Thumb Code    98  stm32f4xx_hal_tim.o(i.TIM_OC2_SetConfig)
    TIM_TI1_SetConfig                        0x08003131   Thumb Code   100  stm32f4xx_hal_tim.o(i.TIM_TI1_SetConfig)
    UsageFault_Handler                       0x08003335   Thumb Code     2  stm32f4xx_it.o(i.UsageFault_Handler)
    YS_TIM_HALL_Base_MspInit                 0x08003339   Thumb Code    96  bsp_hall.o(i.YS_TIM_HALL_Base_MspInit)
    __ARM_fpclassify                         0x080033a1   Thumb Code    48  fpclassify.o(i.__ARM_fpclassify)
    _is_digit                                0x080033f1   Thumb Code    14  __printf_wp.o(i._is_digit)
    fabs                                     0x080033ff   Thumb Code    24  fabs.o(i.fabs)
    fputc                                    0x08003419   Thumb Code    20  usart.o(i.fputc)
    main                                     0x08003431   Thumb Code   300  main.o(i.main)
    _get_lc_numeric                          0x0800366d   Thumb Code    44  lc_numeric_c.o(locale$$code)
    __fpl_dretinf                            0x08003699   Thumb Code    12  dretinf.o(x$fpl$dretinf)
    __aeabi_f2d                              0x080036a5   Thumb Code     0  f2d.o(x$fpl$f2d)
    _f2d                                     0x080036a5   Thumb Code    86  f2d.o(x$fpl$f2d)
    __fpl_fnaninf                            0x080036fb   Thumb Code   140  fnaninf.o(x$fpl$fnaninf)
    _fp_init                                 0x08003787   Thumb Code    10  fpinit.o(x$fpl$fpinit)
    __fplib_config_fpu_vfp                   0x0800378f   Thumb Code     0  fpinit.o(x$fpl$fpinit)
    __fplib_config_pureend_doubles           0x0800378f   Thumb Code     0  fpinit.o(x$fpl$fpinit)
    _printf_fp_dec                           0x08003791   Thumb Code     4  printf1.o(x$fpl$printf1)
    AHBPrescTable                            0x08003794   Data          16  system_stm32f4xx.o(.constdata)
    __I$use$fp                               0x08003794   Number         0  usenofp.o(x$fpl$usenofp)
    APBPrescTable                            0x080037a4   Data           8  system_stm32f4xx.o(.constdata)
    HallDirCcw                               0x080037ac   Data           7  bsp_hall.o(.constdata)
    __stdin_name                             0x08003848   Data           4  sys_io.o(.constdata)
    __stdout_name                            0x0800384c   Data           4  sys_io.o(.constdata)
    __stderr_name                            0x08003850   Data           4  sys_io.o(.constdata)
    Region$$Table$$Base                      0x0800389c   Number         0  anon$$obj.o(Region$$Table)
    Region$$Table$$Limit                     0x080038bc   Number         0  anon$$obj.o(Region$$Table)
    isTimeUp                                 0x20000000   Data           1  main.o(.data)
    timeTick                                 0x20000004   Data           4  main.o(.data)
    uwTickFreq                               0x20000008   Data           1  stm32f4xx_hal.o(.data)
    uwTickPrio                               0x2000000c   Data           4  stm32f4xx_hal.o(.data)
    uwTick                                   0x20000010   Data           4  stm32f4xx_hal.o(.data)
    SystemCoreClock                          0x20000014   Data           4  system_stm32f4xx.o(.data)
    RT_hallDir                               0x20000018   Data           1  bsp_hall.o(.data)
    LS_hallPhase                             0x2000001c   Data           4  bsp_hall.o(.data)
    RT_hallcomp                              0x20000020   Data           4  bsp_hall.o(.data)
    RT_hallcnt                               0x20000024   Data           4  bsp_hall.o(.data)
    Motor_State                              0x20000028   Data           1  bsp_bldc.o(.data)
    Motor_Dir                                0x20000029   Data           1  bsp_bldc.o(.data)
    PWM_Duty                                 0x2000002c   Data           4  bsp_bldc.o(.data)
    __aeabi_stdin                            0x20000030   Data           4  stdio_streams.o(.data)
    __aeabi_stdout                           0x20000034   Data           4  stdio_streams.o(.data)
    __aeabi_stderr                           0x20000038   Data           4  stdio_streams.o(.data)
    htim5                                    0x2000003c   Data          72  tim.o(.bss)
    huart1                                   0x20000084   Data          68  usart.o(.bss)
    htimx_hall                               0x200000c8   Data          72  bsp_hall.o(.bss)
    htimx_BLDCM                              0x20000110   Data          72  bsp_bldc.o(.bss)
    __stdin                                  0x20000158   Data          84  stdio_streams.o(.bss)
    __stdout                                 0x200001ac   Data          84  stdio_streams.o(.bss)
    __stderr                                 0x20000200   Data          84  stdio_streams.o(.bss)
    __libspace_start                         0x20000254   Data          96  libspace.o(.bss)
    __temporary_stack_top$libspace           0x200002b4   Data           0  libspace.o(.bss)



==============================================================================

Memory Map of the image

  Image Entry point : 0x08000189

  Load Region LR_IROM1 (Base: 0x08000000, Size: 0x00003914, Max: 0x00080000, ABSOLUTE)

    Execution Region ER_IROM1 (Exec base: 0x08000000, Load base: 0x08000000, Size: 0x000038d8, Max: 0x00080000, ABSOLUTE)

    Exec Addr    Load Addr    Size         Type   Attr      Idx    E Section Name        Object

    0x08000000   0x08000000   0x00000188   Data   RO            3    RESET               startup_stm32f407xx.o
    0x08000188   0x08000188   0x00000008   Code   RO         3063  * !!!main             c_w.l(__main.o)
    0x08000190   0x08000190   0x00000034   Code   RO         3454    !!!scatter          c_w.l(__scatter.o)
    0x080001c4   0x080001c4   0x0000001a   Code   RO         3456    !!handler_copy      c_w.l(__scatter_copy.o)
    0x080001de   0x080001de   0x00000002   PAD
    0x080001e0   0x080001e0   0x0000001c   Code   RO         3458    !!handler_zi        c_w.l(__scatter_zi.o)
    0x080001fc   0x080001fc   0x00000000   Code   RO         3058    .ARM.Collect$$_printf_percent$$00000000  c_w.l(_printf_percent.o)
    0x080001fc   0x080001fc   0x00000006   Code   RO         3057    .ARM.Collect$$_printf_percent$$00000003  c_w.l(_printf_f.o)
    0x08000202   0x08000202   0x00000004   Code   RO         3084    .ARM.Collect$$_printf_percent$$00000017  c_w.l(_printf_percent_end.o)
    0x08000206   0x08000206   0x00000002   Code   RO         3262    .ARM.Collect$$libinit$$00000000  c_w.l(libinit.o)
    0x08000208   0x08000208   0x00000004   Code   RO         3263    .ARM.Collect$$libinit$$00000001  c_w.l(libinit2.o)
    0x0800020c   0x0800020c   0x00000000   Code   RO         3266    .ARM.Collect$$libinit$$00000004  c_w.l(libinit2.o)
    0x0800020c   0x0800020c   0x00000008   Code   RO         3267    .ARM.Collect$$libinit$$00000005  c_w.l(libinit2.o)
    0x08000214   0x08000214   0x00000000   Code   RO         3269    .ARM.Collect$$libinit$$0000000A  c_w.l(libinit2.o)
    0x08000214   0x08000214   0x00000000   Code   RO         3271    .ARM.Collect$$libinit$$0000000C  c_w.l(libinit2.o)
    0x08000214   0x08000214   0x00000000   Code   RO         3273    .ARM.Collect$$libinit$$0000000E  c_w.l(libinit2.o)
    0x08000214   0x08000214   0x00000006   Code   RO         3274    .ARM.Collect$$libinit$$0000000F  c_w.l(libinit2.o)
    0x0800021a   0x0800021a   0x00000000   Code   RO         3276    .ARM.Collect$$libinit$$00000011  c_w.l(libinit2.o)
    0x0800021a   0x0800021a   0x00000000   Code   RO         3278    .ARM.Collect$$libinit$$00000013  c_w.l(libinit2.o)
    0x0800021a   0x0800021a   0x00000000   Code   RO         3280    .ARM.Collect$$libinit$$00000015  c_w.l(libinit2.o)
    0x0800021a   0x0800021a   0x0000000a   Code   RO         3281    .ARM.Collect$$libinit$$00000016  c_w.l(libinit2.o)
    0x08000224   0x08000224   0x00000000   Code   RO         3282    .ARM.Collect$$libinit$$00000017  c_w.l(libinit2.o)
    0x08000224   0x08000224   0x00000000   Code   RO         3284    .ARM.Collect$$libinit$$00000019  c_w.l(libinit2.o)
    0x08000224   0x08000224   0x00000000   Code   RO         3286    .ARM.Collect$$libinit$$0000001B  c_w.l(libinit2.o)
    0x08000224   0x08000224   0x00000000   Code   RO         3288    .ARM.Collect$$libinit$$0000001D  c_w.l(libinit2.o)
    0x08000224   0x08000224   0x00000000   Code   RO         3290    .ARM.Collect$$libinit$$0000001F  c_w.l(libinit2.o)
    0x08000224   0x08000224   0x00000000   Code   RO         3292    .ARM.Collect$$libinit$$00000021  c_w.l(libinit2.o)
    0x08000224   0x08000224   0x00000000   Code   RO         3294    .ARM.Collect$$libinit$$00000023  c_w.l(libinit2.o)
    0x08000224   0x08000224   0x00000004   Code   RO         3295    .ARM.Collect$$libinit$$00000024  c_w.l(libinit2.o)
    0x08000228   0x08000228   0x00000000   Code   RO         3296    .ARM.Collect$$libinit$$00000025  c_w.l(libinit2.o)
    0x08000228   0x08000228   0x00000000   Code   RO         3300    .ARM.Collect$$libinit$$0000002C  c_w.l(libinit2.o)
    0x08000228   0x08000228   0x00000000   Code   RO         3302    .ARM.Collect$$libinit$$0000002E  c_w.l(libinit2.o)
    0x08000228   0x08000228   0x00000000   Code   RO         3304    .ARM.Collect$$libinit$$00000030  c_w.l(libinit2.o)
    0x08000228   0x08000228   0x00000000   Code   RO         3306    .ARM.Collect$$libinit$$00000032  c_w.l(libinit2.o)
    0x08000228   0x08000228   0x00000002   Code   RO         3307    .ARM.Collect$$libinit$$00000033  c_w.l(libinit2.o)
    0x0800022a   0x0800022a   0x00000002   Code   RO         3435    .ARM.Collect$$libshutdown$$00000000  c_w.l(libshutdown.o)
    0x0800022c   0x0800022c   0x00000000   Code   RO         3309    .ARM.Collect$$libshutdown$$00000002  c_w.l(libshutdown2.o)
    0x0800022c   0x0800022c   0x00000000   Code   RO         3311    .ARM.Collect$$libshutdown$$00000004  c_w.l(libshutdown2.o)
    0x0800022c   0x0800022c   0x00000004   Code   RO         3312    .ARM.Collect$$libshutdown$$00000005  c_w.l(libshutdown2.o)
    0x08000230   0x08000230   0x00000000   Code   RO         3313    .ARM.Collect$$libshutdown$$00000006  c_w.l(libshutdown2.o)
    0x08000230   0x08000230   0x00000000   Code   RO         3316    .ARM.Collect$$libshutdown$$00000009  c_w.l(libshutdown2.o)
    0x08000230   0x08000230   0x00000000   Code   RO         3319    .ARM.Collect$$libshutdown$$0000000C  c_w.l(libshutdown2.o)
    0x08000230   0x08000230   0x00000000   Code   RO         3321    .ARM.Collect$$libshutdown$$0000000E  c_w.l(libshutdown2.o)
    0x08000230   0x08000230   0x00000000   Code   RO         3324    .ARM.Collect$$libshutdown$$00000011  c_w.l(libshutdown2.o)
    0x08000230   0x08000230   0x00000002   Code   RO         3325    .ARM.Collect$$libshutdown$$00000012  c_w.l(libshutdown2.o)
    0x08000232   0x08000232   0x00000000   Code   RO         3075    .ARM.Collect$$rtentry$$00000000  c_w.l(__rtentry.o)
    0x08000232   0x08000232   0x00000000   Code   RO         3097    .ARM.Collect$$rtentry$$00000002  c_w.l(__rtentry2.o)
    0x08000232   0x08000232   0x00000006   Code   RO         3109    .ARM.Collect$$rtentry$$00000004  c_w.l(__rtentry4.o)
    0x08000238   0x08000238   0x00000000   Code   RO         3099    .ARM.Collect$$rtentry$$00000009  c_w.l(__rtentry2.o)
    0x08000238   0x08000238   0x00000004   Code   RO         3100    .ARM.Collect$$rtentry$$0000000A  c_w.l(__rtentry2.o)
    0x0800023c   0x0800023c   0x00000000   Code   RO         3102    .ARM.Collect$$rtentry$$0000000C  c_w.l(__rtentry2.o)
    0x0800023c   0x0800023c   0x00000008   Code   RO         3103    .ARM.Collect$$rtentry$$0000000D  c_w.l(__rtentry2.o)
    0x08000244   0x08000244   0x00000002   Code   RO         3329    .ARM.Collect$$rtexit$$00000000  c_w.l(rtexit.o)
    0x08000246   0x08000246   0x00000000   Code   RO         3381    .ARM.Collect$$rtexit$$00000002  c_w.l(rtexit2.o)
    0x08000246   0x08000246   0x00000004   Code   RO         3382    .ARM.Collect$$rtexit$$00000003  c_w.l(rtexit2.o)
    0x0800024a   0x0800024a   0x00000006   Code   RO         3383    .ARM.Collect$$rtexit$$00000004  c_w.l(rtexit2.o)
    0x08000250   0x08000250   0x00000000   Code   RO         3387    .emb_text           c_w.l(maybetermalloc1.o)
    0x08000250   0x08000250   0x00000040   Code   RO            4    .text               startup_stm32f407xx.o
    0x08000290   0x08000290   0x000000ee   Code   RO         3029    .text               c_w.l(lludivv7m.o)
    0x0800037e   0x0800037e   0x00000002   PAD
    0x08000380   0x08000380   0x00000018   Code   RO         3033    .text               c_w.l(noretval__2printf.o)
    0x08000398   0x08000398   0x0000010e   Code   RO         3045    .text               c_w.l(__printf_wp.o)
    0x080004a6   0x080004a6   0x0000004e   Code   RO         3059    .text               c_w.l(rt_memclr_w.o)
    0x080004f4   0x080004f4   0x00000006   Code   RO         3061    .text               c_w.l(heapauxi.o)
    0x080004fa   0x080004fa   0x0000041e   Code   RO         3080    .text               c_w.l(_printf_fp_dec.o)
    0x08000918   0x08000918   0x00000024   Code   RO         3082    .text               c_w.l(_printf_char_file.o)
    0x0800093c   0x0800093c   0x00000008   Code   RO         3116    .text               c_w.l(rt_locale_intlibspace.o)
    0x08000944   0x08000944   0x0000008a   Code   RO         3118    .text               c_w.l(lludiv10.o)
    0x080009ce   0x080009ce   0x00000002   PAD
    0x080009d0   0x080009d0   0x00000030   Code   RO         3120    .text               c_w.l(_printf_char_common.o)
    0x08000a00   0x08000a00   0x00000080   Code   RO         3122    .text               c_w.l(_printf_fp_infnan.o)
    0x08000a80   0x08000a80   0x000000e4   Code   RO         3124    .text               c_w.l(bigflt0.o)
    0x08000b64   0x08000b64   0x00000008   Code   RO         3149    .text               c_w.l(ferror.o)
    0x08000b6c   0x08000b6c   0x00000138   Code   RO         3151    .text               c_w.l(initio.o)
    0x08000ca4   0x08000ca4   0x00000066   Code   RO         3164    .text               c_w.l(sys_io.o)
    0x08000d0a   0x08000d0a   0x00000002   PAD
    0x08000d0c   0x08000d0c   0x00000008   Code   RO         3169    .text               c_w.l(libspace.o)
    0x08000d14   0x08000d14   0x0000004a   Code   RO         3174    .text               c_w.l(sys_stackheap_outer.o)
    0x08000d5e   0x08000d5e   0x0000004e   Code   RO         3178    .text               c_w.l(h1_free.o)
    0x08000dac   0x08000dac   0x00000046   Code   RO         3234    .text               c_w.l(setvbuf.o)
    0x08000df2   0x08000df2   0x00000002   PAD
    0x08000df4   0x08000df4   0x000000ec   Code   RO         3237    .text               c_w.l(fopen.o)
    0x08000ee0   0x08000ee0   0x0000004c   Code   RO         3239    .text               c_w.l(fclose.o)
    0x08000f2c   0x08000f2c   0x00000012   Code   RO         3245    .text               c_w.l(exit.o)
    0x08000f3e   0x08000f3e   0x0000000e   Code   RO         3251    .text               c_w.l(defsig_rtred_outer.o)
    0x08000f4c   0x08000f4c   0x00000080   Code   RO         3255    .text               c_w.l(strcmpv7m.o)
    0x08000fcc   0x08000fcc   0x00000002   Code   RO         3326    .text               c_w.l(use_no_semi.o)
    0x08000fce   0x08000fce   0x00000000   Code   RO         3328    .text               c_w.l(indicate_semi.o)
    0x08000fce   0x08000fce   0x00000002   PAD
    0x08000fd0   0x08000fd0   0x00000008   Code   RO         3336    .text               c_w.l(rt_heap_descriptor_intlibspace.o)
    0x08000fd8   0x08000fd8   0x00000004   Code   RO         3338    .text               c_w.l(hguard.o)
    0x08000fdc   0x08000fdc   0x0000008a   Code   RO         3340    .text               c_w.l(init_alloc.o)
    0x08001066   0x08001066   0x0000005e   Code   RO         3346    .text               c_w.l(h1_alloc.o)
    0x080010c4   0x080010c4   0x000000f8   Code   RO         3360    .text               c_w.l(fseek.o)
    0x080011bc   0x080011bc   0x000000f0   Code   RO         3362    .text               c_w.l(stdio.o)
    0x080012ac   0x080012ac   0x0000000a   Code   RO         3364    .text               c_w.l(defsig_exit.o)
    0x080012b6   0x080012b6   0x00000002   PAD
    0x080012b8   0x080012b8   0x00000034   Code   RO         3368    .text               c_w.l(defsig_rtred_inner.o)
    0x080012ec   0x080012ec   0x0000003e   Code   RO         3370    .text               c_w.l(strlen.o)
    0x0800132a   0x0800132a   0x00000002   PAD
    0x0800132c   0x0800132c   0x0000000c   Code   RO         3378    .text               c_w.l(sys_exit.o)
    0x08001338   0x08001338   0x0000000e   Code   RO         3389    .text               c_w.l(h1_init.o)
    0x08001346   0x08001346   0x00000034   Code   RO         3391    .text               c_w.l(h1_extend.o)
    0x0800137a   0x0800137a   0x00000042   Code   RO         3397    .text               c_w.l(ftell.o)
    0x080013bc   0x080013bc   0x00000032   Code   RO         3401    .text               c_w.l(defsig_general.o)
    0x080013ee   0x080013ee   0x0000000e   Code   RO         3403    .text               c_w.l(defsig_rtmem_outer.o)
    0x080013fc   0x080013fc   0x0000000e   Code   RO         3416    .text               c_w.l(sys_wrch.o)
    0x0800140a   0x0800140a   0x00000002   PAD
    0x0800140c   0x0800140c   0x00000008   Code   RO         3423    .text               c_w.l(rt_errno_addr_intlibspace.o)
    0x08001414   0x08001414   0x00000050   Code   RO         3429    .text               c_w.l(defsig_rtmem_inner.o)
    0x08001464   0x08001464   0x0000003e   Code   RO         3127    CL$$btod_d2e        c_w.l(btod.o)
    0x080014a2   0x080014a2   0x00000046   Code   RO         3129    CL$$btod_d2e_denorm_low  c_w.l(btod.o)
    0x080014e8   0x080014e8   0x00000060   Code   RO         3128    CL$$btod_d2e_norm_op1  c_w.l(btod.o)
    0x08001548   0x08001548   0x00000338   Code   RO         3137    CL$$btod_div_common  c_w.l(btod.o)
    0x08001880   0x08001880   0x000000dc   Code   RO         3134    CL$$btod_e2e        c_w.l(btod.o)
    0x0800195c   0x0800195c   0x0000002a   Code   RO         3131    CL$$btod_ediv       c_w.l(btod.o)
    0x08001986   0x08001986   0x0000002a   Code   RO         3130    CL$$btod_emul       c_w.l(btod.o)
    0x080019b0   0x080019b0   0x00000244   Code   RO         3136    CL$$btod_mult_common  c_w.l(btod.o)
    0x08001bf4   0x08001bf4   0x000001a8   Code   RO         2959    i.BLDCMotor_PhaseCtrl  bsp_bldc.o
    0x08001d9c   0x08001d9c   0x00000002   Code   RO          300    i.BusFault_Handler  stm32f4xx_it.o
    0x08001d9e   0x08001d9e   0x00000002   Code   RO          301    i.DebugMon_Handler  stm32f4xx_it.o
    0x08001da0   0x08001da0   0x00000004   Code   RO           13    i.Error_Handler     main.o
    0x08001da4   0x08001da4   0x00000060   Code   RO         2906    i.HALLSensor_TIMx_Init  bsp_hall.o
    0x08001e04   0x08001e04   0x00000030   Code   RO         2907    i.HALL_GetPhase     bsp_hall.o
    0x08001e34   0x08001e34   0x000001f0   Code   RO         1734    i.HAL_GPIO_Init     stm32f4xx_hal_gpio.o
    0x08002024   0x08002024   0x0000000a   Code   RO         1736    i.HAL_GPIO_ReadPin  stm32f4xx_hal_gpio.o
    0x0800202e   0x0800202e   0x00000002   PAD
    0x08002030   0x08002030   0x0000000c   Code   RO         2266    i.HAL_GetTick       stm32f4xx_hal.o
    0x0800203c   0x0800203c   0x00000010   Code   RO         2272    i.HAL_IncTick       stm32f4xx_hal.o
    0x0800204c   0x0800204c   0x00000034   Code   RO         2273    i.HAL_Init          stm32f4xx_hal.o
    0x08002080   0x08002080   0x00000040   Code   RO         2274    i.HAL_InitTick      stm32f4xx_hal.o
    0x080020c0   0x080020c0   0x00000030   Code   RO          382    i.HAL_MspInit       stm32f4xx_hal_msp.o
    0x080020f0   0x080020f0   0x0000001a   Code   RO         2123    i.HAL_NVIC_EnableIRQ  stm32f4xx_hal_cortex.o
    0x0800210a   0x0800210a   0x00000002   PAD
    0x0800210c   0x0800210c   0x00000040   Code   RO         2129    i.HAL_NVIC_SetPriority  stm32f4xx_hal_cortex.o
    0x0800214c   0x0800214c   0x00000024   Code   RO         2130    i.HAL_NVIC_SetPriorityGrouping  stm32f4xx_hal_cortex.o
    0x08002170   0x08002170   0x00000134   Code   RO         1380    i.HAL_RCC_ClockConfig  stm32f4xx_hal_rcc.o
    0x080022a4   0x080022a4   0x00000020   Code   RO         1387    i.HAL_RCC_GetPCLK1Freq  stm32f4xx_hal_rcc.o
    0x080022c4   0x080022c4   0x00000020   Code   RO         1388    i.HAL_RCC_GetPCLK2Freq  stm32f4xx_hal_rcc.o
    0x080022e4   0x080022e4   0x00000060   Code   RO         1389    i.HAL_RCC_GetSysClockFreq  stm32f4xx_hal_rcc.o
    0x08002344   0x08002344   0x0000036c   Code   RO         1392    i.HAL_RCC_OscConfig  stm32f4xx_hal_rcc.o
    0x080026b0   0x080026b0   0x00000028   Code   RO         2134    i.HAL_SYSTICK_Config  stm32f4xx_hal_cortex.o
    0x080026d8   0x080026d8   0x00000002   Code   RO         1112    i.HAL_TIMEx_BreakCallback  stm32f4xx_hal_tim_ex.o
    0x080026da   0x080026da   0x00000002   Code   RO         1113    i.HAL_TIMEx_CommutCallback  stm32f4xx_hal_tim_ex.o
    0x080026dc   0x080026dc   0x000000d0   Code   RO         1122    i.HAL_TIMEx_HallSensor_Init  stm32f4xx_hal_tim_ex.o
    0x080027ac   0x080027ac   0x00000074   Code   RO          201    i.HAL_TIMEx_HallSensor_MspInit  tim.o
    0x08002820   0x08002820   0x00000090   Code   RO         1131    i.HAL_TIMEx_MasterConfigSynchronization  stm32f4xx_hal_tim_ex.o
    0x080028b0   0x080028b0   0x000000c0   Code   RO         1142    i.HAL_TIMEx_PWMN_Start  stm32f4xx_hal_tim_ex.o
    0x08002970   0x08002970   0x00000068   Code   RO         1145    i.HAL_TIMEx_PWMN_Stop  stm32f4xx_hal_tim_ex.o
    0x080029d8   0x080029d8   0x00000040   Code   RO         2908    i.HAL_TIM_IC_CaptureCallback  bsp_hall.o
    0x08002a18   0x08002a18   0x00000166   Code   RO          456    i.HAL_TIM_IRQHandler  stm32f4xx_hal_tim.o
    0x08002b7e   0x08002b7e   0x00000002   Code   RO          459    i.HAL_TIM_OC_DelayElapsedCallback  stm32f4xx_hal_tim.o
    0x08002b80   0x08002b80   0x00000002   Code   RO          486    i.HAL_TIM_PWM_PulseFinishedCallback  stm32f4xx_hal_tim.o
    0x08002b82   0x08002b82   0x00000002   PAD
    0x08002b84   0x08002b84   0x000000c8   Code   RO          488    i.HAL_TIM_PWM_Start  stm32f4xx_hal_tim.o
    0x08002c4c   0x08002c4c   0x0000007c   Code   RO          491    i.HAL_TIM_PWM_Stop  stm32f4xx_hal_tim.o
    0x08002cc8   0x08002cc8   0x00000002   Code   RO          494    i.HAL_TIM_PeriodElapsedCallback  stm32f4xx_hal_tim.o
    0x08002cca   0x08002cca   0x00000002   Code   RO          499    i.HAL_TIM_TriggerCallback  stm32f4xx_hal_tim.o
    0x08002ccc   0x08002ccc   0x00000062   Code   RO         2540    i.HAL_UART_Init     stm32f4xx_hal_uart.o
    0x08002d2e   0x08002d2e   0x00000002   PAD
    0x08002d30   0x08002d30   0x0000006c   Code   RO          243    i.HAL_UART_MspInit  usart.o
    0x08002d9c   0x08002d9c   0x000000b2   Code   RO         2548    i.HAL_UART_Transmit  stm32f4xx_hal_uart.o
    0x08002e4e   0x08002e4e   0x00000002   Code   RO          302    i.HardFault_Handler  stm32f4xx_it.o
    0x08002e50   0x08002e50   0x0000002c   Code   RO          176    i.MX_GPIO_Init      gpio.o
    0x08002e7c   0x08002e7c   0x00000054   Code   RO          202    i.MX_TIM5_Init      tim.o
    0x08002ed0   0x08002ed0   0x00000038   Code   RO          244    i.MX_USART1_UART_Init  usart.o
    0x08002f08   0x08002f08   0x00000002   Code   RO          303    i.MemManage_Handler  stm32f4xx_it.o
    0x08002f0a   0x08002f0a   0x00000002   Code   RO          304    i.NMI_Handler       stm32f4xx_it.o
    0x08002f0c   0x08002f0c   0x00000002   Code   RO          305    i.PendSV_Handler    stm32f4xx_it.o
    0x08002f0e   0x08002f0e   0x00000002   Code   RO          306    i.SVC_Handler       stm32f4xx_it.o
    0x08002f10   0x08002f10   0x00000004   Code   RO          307    i.SysTick_Handler   stm32f4xx_it.o
    0x08002f14   0x08002f14   0x00000098   Code   RO           15    i.SystemClock_Config  main.o
    0x08002fac   0x08002fac   0x00000010   Code   RO         2869    i.SystemInit        system_stm32f4xx.o
    0x08002fbc   0x08002fbc   0x0000000c   Code   RO          308    i.TIM5_IRQHandler   stm32f4xx_it.o
    0x08002fc8   0x08002fc8   0x000000c8   Code   RO          501    i.TIM_Base_SetConfig  stm32f4xx_hal_tim.o
    0x08003090   0x08003090   0x0000001a   Code   RO          502    i.TIM_CCxChannelCmd  stm32f4xx_hal_tim.o
    0x080030aa   0x080030aa   0x0000001a   Code   RO         1151    i.TIM_CCxNChannelCmd  stm32f4xx_hal_tim_ex.o
    0x080030c4   0x080030c4   0x0000006c   Code   RO          515    i.TIM_OC2_SetConfig  stm32f4xx_hal_tim.o
    0x08003130   0x08003130   0x00000080   Code   RO          520    i.TIM_TI1_SetConfig  stm32f4xx_hal_tim.o
    0x080031b0   0x080031b0   0x0000010c   Code   RO         2566    i.UART_SetConfig    stm32f4xx_hal_uart.o
    0x080032bc   0x080032bc   0x00000078   Code   RO         2569    i.UART_WaitOnFlagUntilTimeout  stm32f4xx_hal_uart.o
    0x08003334   0x08003334   0x00000002   Code   RO          309    i.UsageFault_Handler  stm32f4xx_it.o
    0x08003336   0x08003336   0x00000002   PAD
    0x08003338   0x08003338   0x00000068   Code   RO         2909    i.YS_TIM_HALL_Base_MspInit  bsp_hall.o
    0x080033a0   0x080033a0   0x00000030   Code   RO         3162    i.__ARM_fpclassify  m_wm.l(fpclassify.o)
    0x080033d0   0x080033d0   0x00000020   Code   RO         2136    i.__NVIC_SetPriority  stm32f4xx_hal_cortex.o
    0x080033f0   0x080033f0   0x0000000e   Code   RO         3047    i._is_digit         c_w.l(__printf_wp.o)
    0x080033fe   0x080033fe   0x00000018   Code   RO         3071    i.fabs              m_wm.l(fabs.o)
    0x08003416   0x08003416   0x00000002   PAD
    0x08003418   0x08003418   0x00000018   Code   RO          246    i.fputc             usart.o
    0x08003430   0x08003430   0x0000023c   Code   RO           16    i.main              main.o
    0x0800366c   0x0800366c   0x0000002c   Code   RO         3158    locale$$code        c_w.l(lc_numeric_c.o)
    0x08003698   0x08003698   0x0000000c   Code   RO         3091    x$fpl$dretinf       fz_wm.l(dretinf.o)
    0x080036a4   0x080036a4   0x00000056   Code   RO         3065    x$fpl$f2d           fz_wm.l(f2d.o)
    0x080036fa   0x080036fa   0x0000008c   Code   RO         3093    x$fpl$fnaninf       fz_wm.l(fnaninf.o)
    0x08003786   0x08003786   0x0000000a   Code   RO         3376    x$fpl$fpinit        fz_wm.l(fpinit.o)
    0x08003790   0x08003790   0x00000004   Code   RO         3067    x$fpl$printf1       fz_wm.l(printf1.o)
    0x08003794   0x08003794   0x00000000   Code   RO         3095    x$fpl$usenofp       fz_wm.l(usenofp.o)
    0x08003794   0x08003794   0x00000010   Data   RO         2870    .constdata          system_stm32f4xx.o
    0x080037a4   0x080037a4   0x00000008   Data   RO         2871    .constdata          system_stm32f4xx.o
    0x080037ac   0x080037ac   0x00000007   Data   RO         2911    .constdata          bsp_hall.o
    0x080037b3   0x080037b3   0x00000001   PAD
    0x080037b4   0x080037b4   0x00000094   Data   RO         3125    .constdata          c_w.l(bigflt0.o)
    0x08003848   0x08003848   0x00000004   Data   RO         3165    .constdata          c_w.l(sys_io.o)
    0x0800384c   0x0800384c   0x00000004   Data   RO         3166    .constdata          c_w.l(sys_io.o)
    0x08003850   0x08003850   0x00000004   Data   RO         3167    .constdata          c_w.l(sys_io.o)
    0x08003854   0x08003854   0x00000046   Data   RO           17    .conststring        main.o
    0x0800389a   0x0800389a   0x00000002   PAD
    0x0800389c   0x0800389c   0x00000020   Data   RO         3452    Region$$Table       anon$$obj.o
    0x080038bc   0x080038bc   0x0000001c   Data   RO         3157    locale$$data        c_w.l(lc_numeric_c.o)


    Execution Region RW_IRAM1 (Exec base: 0x20000000, Load base: 0x080038d8, Size: 0x000008b8, Max: 0x0001c000, ABSOLUTE)

    Exec Addr    Load Addr    Size         Type   Attr      Idx    E Section Name        Object

    0x20000000   0x080038d8   0x00000008   Data   RW           19    .data               main.o
    0x20000008   0x080038e0   0x0000000c   Data   RW         2280    .data               stm32f4xx_hal.o
    0x20000014   0x080038ec   0x00000004   Data   RW         2872    .data               system_stm32f4xx.o
    0x20000018   0x080038f0   0x00000010   Data   RW         2913    .data               bsp_hall.o
    0x20000028   0x08003900   0x00000008   Data   RW         2966    .data               bsp_bldc.o
    0x20000030   0x08003908   0x00000004   Data   RW         3088    .data               c_w.l(stdio_streams.o)
    0x20000034   0x0800390c   0x00000004   Data   RW         3089    .data               c_w.l(stdio_streams.o)
    0x20000038   0x08003910   0x00000004   Data   RW         3090    .data               c_w.l(stdio_streams.o)
    0x2000003c        -       0x00000048   Zero   RW          203    .bss                tim.o
    0x20000084        -       0x00000044   Zero   RW          247    .bss                usart.o
    0x200000c8        -       0x00000048   Zero   RW         2910    .bss                bsp_hall.o
    0x20000110        -       0x00000048   Zero   RW         2965    .bss                bsp_bldc.o
    0x20000158        -       0x00000054   Zero   RW         3085    .bss                c_w.l(stdio_streams.o)
    0x200001ac        -       0x00000054   Zero   RW         3086    .bss                c_w.l(stdio_streams.o)
    0x20000200        -       0x00000054   Zero   RW         3087    .bss                c_w.l(stdio_streams.o)
    0x20000254        -       0x00000060   Zero   RW         3170    .bss                c_w.l(libspace.o)
    0x200002b4   0x08003914   0x00000004   PAD
    0x200002b8        -       0x00000200   Zero   RW            2    HEAP                startup_stm32f407xx.o
    0x200004b8        -       0x00000400   Zero   RW            1    STACK               startup_stm32f407xx.o


    Execution Region RW_IRAM2 (Exec base: 0x2001c000, Load base: 0x08003914, Size: 0x00000000, Max: 0x00004000, ABSOLUTE)

    **** No section assigned to this execution region ****


==============================================================================

Image component sizes


      Code (inc. data)   RO Data    RW Data    ZI Data      Debug   Object Name

       424         20          0          8         72       2911   bsp_bldc.o
       312         38          7         16         72       3319   bsp_hall.o
        44          6          0          0          0        835   gpio.o
       728        282         70          8          0     694843   main.o
        64         26        392          0       1536        864   startup_stm32f407xx.o
       144         24          0         12          0       8905   stm32f4xx_hal.o
       198         14          0          0          0      34055   stm32f4xx_hal_cortex.o
       506         46          0          0          0       2251   stm32f4xx_hal_gpio.o
        48          6          0          0          0        894   stm32f4xx_hal_msp.o
      1344         72          0          0          0       5352   stm32f4xx_hal_rcc.o
      1152        120          0          0          0       9483   stm32f4xx_hal_tim.o
       678         56          0          0          0       5742   stm32f4xx_hal_tim_ex.o
       664         10          0          0          0       4296   stm32f4xx_hal_uart.o
        32          6          0          0          0       4816   stm32f4xx_it.o
        16          4         24          4          0       1187   system_stm32f4xx.o
       200         22          0          0         72       1870   tim.o
       188         26          0          0         68       3614   usart.o

    ----------------------------------------------------------------------
      6752        778        528         48       1820     785237   Object Totals
         0          0         32          0          0          0   (incl. Generated)
        10          0          3          0          0          0   (incl. Padding)

    ----------------------------------------------------------------------

      Code (inc. data)   RO Data    RW Data    ZI Data      Debug   Library Member Name

         8          0          0          0          0         68   __main.o
       284          0          0          0          0        156   __printf_wp.o
         0          0          0          0          0          0   __rtentry.o
        12          0          0          0          0          0   __rtentry2.o
         6          0          0          0          0          0   __rtentry4.o
        52          8          0          0          0          0   __scatter.o
        26          0          0          0          0          0   __scatter_copy.o
        28          0          0          0          0          0   __scatter_zi.o
        48          6          0          0          0         96   _printf_char_common.o
        36          4          0          0          0         80   _printf_char_file.o
         6          0          0          0          0          0   _printf_f.o
      1054          0          0          0          0        216   _printf_fp_dec.o
       128         16          0          0          0         84   _printf_fp_infnan.o
         0          0          0          0          0          0   _printf_percent.o
         4          0          0          0          0          0   _printf_percent_end.o
       228          4        148          0          0         96   bigflt0.o
      1936        128          0          0          0        672   btod.o
        10          0          0          0          0         68   defsig_exit.o
        50          0          0          0          0         88   defsig_general.o
        80         58          0          0          0         76   defsig_rtmem_inner.o
        14          0          0          0          0         80   defsig_rtmem_outer.o
        52         38          0          0          0         76   defsig_rtred_inner.o
        14          0          0          0          0         80   defsig_rtred_outer.o
        18          0          0          0          0         80   exit.o
        76          0          0          0          0         88   fclose.o
         8          0          0          0          0         68   ferror.o
       236          4          0          0          0        128   fopen.o
       248          6          0          0          0         84   fseek.o
        66          0          0          0          0         76   ftell.o
        94          0          0          0          0         80   h1_alloc.o
        52          0          0          0          0         68   h1_extend.o
        78          0          0          0          0         80   h1_free.o
        14          0          0          0          0         84   h1_init.o
         6          0          0          0          0        152   heapauxi.o
         4          0          0          0          0        136   hguard.o
         0          0          0          0          0          0   indicate_semi.o
       138          0          0          0          0        168   init_alloc.o
       312         46          0          0          0        112   initio.o
        44         10         28          0          0         76   lc_numeric_c.o
         2          0          0          0          0          0   libinit.o
        34          0          0          0          0          0   libinit2.o
         2          0          0          0          0          0   libshutdown.o
         6          0          0          0          0          0   libshutdown2.o
         8          4          0          0         96         68   libspace.o
       138          0          0          0          0         80   lludiv10.o
       238          0          0          0          0        100   lludivv7m.o
         0          0          0          0          0          0   maybetermalloc1.o
        24          4          0          0          0         84   noretval__2printf.o
         8          4          0          0          0         68   rt_errno_addr_intlibspace.o
         8          4          0          0          0         68   rt_heap_descriptor_intlibspace.o
         8          4          0          0          0         68   rt_locale_intlibspace.o
        78          0          0          0          0         80   rt_memclr_w.o
         2          0          0          0          0          0   rtexit.o
        10          0          0          0          0          0   rtexit2.o
        70          0          0          0          0         80   setvbuf.o
       240          6          0          0          0        156   stdio.o
         0          0          0         12        252          0   stdio_streams.o
       128          0          0          0          0         68   strcmpv7m.o
        62          0          0          0          0         76   strlen.o
        12          4          0          0          0         68   sys_exit.o
       102          0         12          0          0        240   sys_io.o
        74          0          0          0          0         80   sys_stackheap_outer.o
        14          0          0          0          0         76   sys_wrch.o
         2          0          0          0          0         68   use_no_semi.o
        12          0          0          0          0        116   dretinf.o
        86          4          0          0          0        132   f2d.o
       140          4          0          0          0        132   fnaninf.o
        10          0          0          0          0        116   fpinit.o
         4          0          0          0          0        116   printf1.o
         0          0          0          0          0          0   usenofp.o
        24          0          0          0          0        124   fabs.o
        48          0          0          0          0        124   fpclassify.o

    ----------------------------------------------------------------------
      7084        366        188         12        352       5804   Library Totals
        20          0          0          0          4          0   (incl. Padding)

    ----------------------------------------------------------------------

      Code (inc. data)   RO Data    RW Data    ZI Data      Debug   Library Name

      6740        358        188         12        348       4944   c_w.l
       252          8          0          0          0        612   fz_wm.l
        72          0          0          0          0        248   m_wm.l

    ----------------------------------------------------------------------
      7084        366        188         12        352       5804   Library Totals

    ----------------------------------------------------------------------

==============================================================================


      Code (inc. data)   RO Data    RW Data    ZI Data      Debug   

     13836       1144        716         60       2172     782037   Grand Totals
     13836       1144        716         60       2172     782037   ELF Image Totals
     13836       1144        716         60          0          0   ROM Totals

==============================================================================

    Total RO  Size (Code + RO Data)                14552 (  14.21kB)
    Total RW  Size (RW Data + ZI Data)              2232 (   2.18kB)
    Total ROM Size (Code + RO Data + RW Data)      14612 (  14.27kB)

==============================================================================

